Component: Arm Compiler for Embedded 6.22 Tool: armlink [5ee90200]

==============================================================================

Section Cross References

    startup_stm32f407xx.o(STACK) refers (Special) to heapauxi.o(.text) for __use_two_region_memory
    startup_stm32f407xx.o(HEAP) refers (Special) to heapauxi.o(.text) for __use_two_region_memory
    startup_stm32f407xx.o(RESET) refers (Special) to heapauxi.o(.text) for __use_two_region_memory
    startup_stm32f407xx.o(RESET) refers to startup_stm32f407xx.o(STACK) for __initial_sp
    startup_stm32f407xx.o(RESET) refers to startup_stm32f407xx.o(.text) for Reset_Handler
    startup_stm32f407xx.o(RESET) refers to stm32f4xx_it.o(.text.NMI_Handler) for NMI_Handler
    startup_stm32f407xx.o(RESET) refers to stm32f4xx_it.o(.text.HardFault_Handler) for HardFault_Handler
    startup_stm32f407xx.o(RESET) refers to stm32f4xx_it.o(.text.MemManage_Handler) for MemManage_Handler
    startup_stm32f407xx.o(RESET) refers to stm32f4xx_it.o(.text.BusFault_Handler) for BusFault_Handler
    startup_stm32f407xx.o(RESET) refers to stm32f4xx_it.o(.text.UsageFault_Handler) for UsageFault_Handler
    startup_stm32f407xx.o(RESET) refers to stm32f4xx_it.o(.text.SVC_Handler) for SVC_Handler
    startup_stm32f407xx.o(RESET) refers to stm32f4xx_it.o(.text.DebugMon_Handler) for DebugMon_Handler
    startup_stm32f407xx.o(RESET) refers to stm32f4xx_it.o(.text.PendSV_Handler) for PendSV_Handler
    startup_stm32f407xx.o(RESET) refers to stm32f4xx_it.o(.text.SysTick_Handler) for SysTick_Handler
    startup_stm32f407xx.o(RESET) refers to stm32f4xx_it.o(.text.USART3_IRQHandler) for USART3_IRQHandler
    startup_stm32f407xx.o(RESET) refers to stm32f4xx_it.o(.text.TIM8_UP_TIM13_IRQHandler) for TIM8_UP_TIM13_IRQHandler
    startup_stm32f407xx.o(RESET) refers to stm32f4xx_it.o(.text.SDIO_IRQHandler) for SDIO_IRQHandler
    startup_stm32f407xx.o(RESET) refers to stm32f4xx_it.o(.text.DMA2_Stream3_IRQHandler) for DMA2_Stream3_IRQHandler
    startup_stm32f407xx.o(RESET) refers to stm32f4xx_it.o(.text.DMA2_Stream6_IRQHandler) for DMA2_Stream6_IRQHandler
    startup_stm32f407xx.o(.text) refers (Special) to heapauxi.o(.text) for __use_two_region_memory
    startup_stm32f407xx.o(.text) refers to system_stm32f4xx.o(.text.SystemInit) for SystemInit
    startup_stm32f407xx.o(.text) refers to __main.o(!!!main) for __main
    startup_stm32f407xx.o(.text) refers to startup_stm32f407xx.o(HEAP) for Heap_Mem
    startup_stm32f407xx.o(.text) refers to startup_stm32f407xx.o(STACK) for Stack_Mem
    main.o(.text) refers (Special) to _printf_percent.o(.ARM.Collect$$_printf_percent$$00000000) for _printf_percent
    main.o(.text) refers (Special) to _printf_u.o(.ARM.Collect$$_printf_percent$$0000000A) for _printf_u
    main.o(.text) refers (Special) to _printf_f.o(.ARM.Collect$$_printf_percent$$00000003) for _printf_f
    main.o(.text) refers (Special) to _printf_dec.o(.text) for _printf_int_dec
    main.o(.text) refers (Special) to printf1.o(x$fpl$printf1) for _printf_fp_dec
    main.o(.text.main) refers (Special) to _printf_percent.o(.ARM.Collect$$_printf_percent$$00000000) for _printf_percent
    main.o(.text.main) refers (Special) to _printf_u.o(.ARM.Collect$$_printf_percent$$0000000A) for _printf_u
    main.o(.text.main) refers (Special) to _printf_f.o(.ARM.Collect$$_printf_percent$$00000003) for _printf_f
    main.o(.text.main) refers (Special) to _printf_dec.o(.text) for _printf_int_dec
    main.o(.text.main) refers (Special) to printf1.o(x$fpl$printf1) for _printf_fp_dec
    main.o(.text.main) refers to stm32f4xx_hal.o(.text.HAL_Init) for HAL_Init
    main.o(.text.main) refers to main.o(.text.SystemClock_Config) for SystemClock_Config
    main.o(.text.main) refers to stm32f4xx_hal_gpio.o(.text.HAL_GPIO_WritePin) for HAL_GPIO_WritePin
    main.o(.text.main) refers to stm32f4xx_hal_gpio.o(.text.HAL_GPIO_Init) for HAL_GPIO_Init
    main.o(.text.main) refers to stm32f4xx_hal_cortex.o(.text.HAL_NVIC_SetPriority) for HAL_NVIC_SetPriority
    main.o(.text.main) refers to stm32f4xx_hal_cortex.o(.text.HAL_NVIC_EnableIRQ) for HAL_NVIC_EnableIRQ
    main.o(.text.main) refers to main.o(.bss..L_MergedGlobals) for .L_MergedGlobals
    main.o(.text.main) refers to stm32f4xx_hal_rtc.o(.text.HAL_RTC_Init) for HAL_RTC_Init
    main.o(.text.main) refers to stm32f4xx_hal_rtc.o(.text.HAL_RTC_SetTime) for HAL_RTC_SetTime
    main.o(.text.main) refers to stm32f4xx_hal_rtc.o(.text.HAL_RTC_SetDate) for HAL_RTC_SetDate
    main.o(.text.main) refers to main.o(.bss.hsd) for hsd
    main.o(.text.main) refers to stm32f4xx_hal_tim.o(.text.HAL_TIM_Base_Init) for HAL_TIM_Base_Init
    main.o(.text.main) refers to stm32f4xx_hal_tim.o(.text.HAL_TIM_OC_Init) for HAL_TIM_OC_Init
    main.o(.text.main) refers to stm32f4xx_hal_tim.o(.text.HAL_TIM_OC_ConfigChannel) for HAL_TIM_OC_ConfigChannel
    main.o(.text.main) refers to main.o(.bss.huart4) for huart4
[...]
    [Anonymous Symbol]                       0x08003350   Section        0  stm32f4xx_hal_tim.o(.text.HAL_TIM_OC_Init)
    [Anonymous Symbol]                       0x080033ac   Section        0  stm32f4xx_hal_tim.o(.text.HAL_TIM_OC_MspInit)
    [Anonymous Symbol]                       0x080033b0   Section        0  stm32f4xx_hal_tim.o(.text.HAL_TIM_PWM_PulseFinishedCallback)
    [Anonymous Symbol]                       0x080033b4   Section        0  main.o(.text.HAL_TIM_PeriodElapsedCallback)
    [Anonymous Symbol]                       0x08003460   Section        0  stm32f4xx_hal_tim.o(.text.HAL_TIM_TriggerCallback)
    [Anonymous Symbol]                       0x08003464   Section        0  stm32f4xx_hal_uart.o(.text.HAL_UARTEx_RxEventCallback)
    [Anonymous Symbol]                       0x08003468   Section        0  stm32f4xx_hal_uart.o(.text.HAL_UART_ErrorCallback)
    [Anonymous Symbol]                       0x0800346c   Section        0  stm32f4xx_hal_uart.o(.text.HAL_UART_IRQHandler)
    [Anonymous Symbol]                       0x080039dc   Section        0  stm32f4xx_hal_uart.o(.text.HAL_UART_Init)
    [Anonymous Symbol]                       0x08003a3c   Section        0  stm32f4xx_hal_msp.o(.text.HAL_UART_MspInit)
    [Anonymous Symbol]                       0x08003b20   Section        0  stm32f4xx_hal_uart.o(.text.HAL_UART_Receive)
    [Anonymous Symbol]                       0x08003d50   Section        0  stm32f4xx_hal_uart.o(.text.HAL_UART_Receive_IT)
    [Anonymous Symbol]                       0x08003da4   Section        0  main.o(.text.HAL_UART_RxCpltCallback)
    [Anonymous Symbol]                       0x08003e5c   Section        0  stm32f4xx_hal_uart.o(.text.HAL_UART_Transmit)
    [Anonymous Symbol]                       0x08003ff0   Section        0  stm32f4xx_hal_uart.o(.text.HAL_UART_TxCpltCallback)
    [Anonymous Symbol]                       0x08003ff4   Section        0  stm32f4xx_it.o(.text.HardFault_Handler)
    [Anonymous Symbol]                       0x08003ff8   Section        0  fatfs.o(.text.MX_FATFS_Init)
    [Anonymous Symbol]                       0x08004014   Section        0  stm32f4xx_it.o(.text.MemManage_Handler)
    [Anonymous Symbol]                       0x08004018   Section        0  stm32f4xx_it.o(.text.NMI_Handler)
    [Anonymous Symbol]                       0x0800401c   Section        0  stm32f4xx_it.o(.text.PendSV_Handler)
    [Anonymous Symbol]                       0x08004020   Section        0  stm32f4xx_ll_sdmmc.o(.text.SDIO_ConfigData)
    [Anonymous Symbol]                       0x08004048   Section        0  stm32f4xx_ll_sdmmc.o(.text.SDIO_GetPowerState)
    [Anonymous Symbol]                       0x08004050   Section        0  stm32f4xx_ll_sdmmc.o(.text.SDIO_GetResponse)
    [Anonymous Symbol]                       0x08004058   Section        0  stm32f4xx_it.o(.text.SDIO_IRQHandler)
    [Anonymous Symbol]                       0x08004064   Section        0  stm32f4xx_ll_sdmmc.o(.text.SDIO_Init)
    [Anonymous Symbol]                       0x08004090   Section        0  stm32f4xx_ll_sdmmc.o(.text.SDIO_PowerState_ON)
    [Anonymous Symbol]                       0x0800409c   Section        0  stm32f4xx_ll_sdmmc.o(.text.SDIO_ReadFIFO)
    [Anonymous Symbol]                       0x080040a4   Section        0  stm32f4xx_ll_sdmmc.o(.text.SDIO_WriteFIFO)
    [Anonymous Symbol]                       0x080040b0   Section        0  stm32f4xx_ll_sdmmc.o(.text.SDMMC_CmdAppCommand)
    [Anonymous Symbol]                       0x080040c8   Section        0  stm32f4xx_ll_sdmmc.o(.text.SDMMC_CmdAppOperCommand)
    [Anonymous Symbol]                       0x08004158   Section        0  stm32f4xx_ll_sdmmc.o(.text.SDMMC_CmdBlockLength)
    [Anonymous Symbol]                       0x08004170   Section        0  stm32f4xx_ll_sdmmc.o(.text.SDMMC_CmdGoIdleState)
    [Anonymous Symbol]                       0x080041d0   Section        0  stm32f4xx_ll_sdmmc.o(.text.SDMMC_CmdOperCond)
    [Anonymous Symbol]                       0x08004278   Section        0  stm32f4xx_ll_sdmmc.o(.text.SDMMC_CmdReadMultiBlock)
    [Anonymous Symbol]                       0x08004290   Section        0  stm32f4xx_ll_sdmmc.o(.text.SDMMC_CmdReadSingleBlock)
    [Anonymous Symbol]                       0x080042a8   Section        0  stm32f4xx_ll_sdmmc.o(.text.SDMMC_CmdSelDesel)
    [Anonymous Symbol]                       0x080042c0   Section        0  stm32f4xx_ll_sdmmc.o(.text.SDMMC_CmdSendCID)
    [Anonymous Symbol]                       0x0800435c   Section        0  stm32f4xx_ll_sdmmc.o(.text.SDMMC_CmdSendCSD)
    [Anonymous Symbol]                       0x080043f8   Section        0  stm32f4xx_ll_sdmmc.o(.text.SDMMC_CmdSendStatus)
    [Anonymous Symbol]                       0x08004410   Section        0  stm32f4xx_ll_sdmmc.o(.text.SDMMC_CmdSetRelAdd)
    [Anonymous Symbol]                       0x080044d8   Section        0  stm32f4xx_ll_sdmmc.o(.text.SDMMC_CmdStopTransfer)
    [Anonymous Symbol]                       0x080044f8   Section        0  stm32f4xx_ll_sdmmc.o(.text.SDMMC_CmdWriteMultiBlock)
    [Anonymous Symbol]                       0x08004510   Section        0  stm32f4xx_ll_sdmmc.o(.text.SDMMC_CmdWriteSingleBlock)
    [Anonymous Symbol]                       0x08004528   Section        0  stm32f4xx_ll_sdmmc.o(.text.SDMMC_GetCmdResp1)
    SD_DMARxAbort                            0x0800469d   Thumb Code   106  stm32f4xx_hal_sd.o(.text.SD_DMARxAbort)
    [Anonymous Symbol]                       0x0800469c   Section        0  stm32f4xx_hal_sd.o(.text.SD_DMARxAbort)
    SD_DMATxAbort                            0x08004709   Thumb Code   106  stm32f4xx_hal_sd.o(.text.SD_DMATxAbort)
    [Anonymous Symbol]                       0x08004708   Section        0  stm32f4xx_hal_sd.o(.text.SD_DMATxAbort)
    [Anonymous Symbol]                       0x08004774   Section        0  sd_diskio.o(.text.SD_initialize)
    [Anonymous Symbol]                       0x080047ac   Section        0  sd_diskio.o(.text.SD_ioctl)
    [Anonymous Symbol]                       0x08004818   Section        0  sd_diskio.o(.text.SD_read)
    [Anonymous Symbol]                       0x0800483c   Section        0  sd_diskio.o(.text.SD_status)
    [Anonymous Symbol]                       0x08004860   Section        0  sd_diskio.o(.text.SD_write)
    [Anonymous Symbol]                       0x08004884   Section        0  stm32f4xx_it.o(.text.SVC_Handler)
    [Anonymous Symbol]                       0x08004888   Section        0  stm32f4xx_it.o(.text.SysTick_Handler)
    [Anonymous Symbol]                       0x0800488c   Section        0  main.o(.text.SystemClock_Config)
    [Anonymous Symbol]                       0x0800493c   Section        0  system_stm32f4xx.o(.text.SystemInit)
    [Anonymous Symbol]                       0x08004950   Section        0  stm32f4xx_it.o(.text.TIM8_UP_TIM13_IRQHandler)
    [Anonymous Symbol]                       0x0800495c   Section        0  stm32f4xx_hal_tim.o(.text.TIM_Base_SetConfig)
    UART_DMAAbortOnError                     0x08004aa1   Thumb Code    12  stm32f4xx_hal_uart.o(.text.UART_DMAAbortOnError)
    [Anonymous Symbol]                       0x08004aa0   Section        0  stm32f4xx_hal_uart.o(.text.UART_DMAAbortOnError)
    UART_Receive_IT                          0x08004aad   Thumb Code   254  stm32f4xx_hal_uart.o(.text.UART_Receive_IT)
    [Anonymous Symbol]                       0x08004aac   Section        0  stm32f4xx_hal_uart.o(.text.UART_Receive_IT)
    UART_SetConfig                           0x08004bad   Thumb Code   230  stm32f4xx_hal_uart.o(.text.UART_SetConfig)
    [Anonymous Symbol]                       0x08004bac   Section        0  stm32f4xx_hal_uart.o(.text.UART_SetConfig)
    [Anonymous Symbol]                       0x08004c94   Section        0  stm32f4xx_it.o(.text.USART3_IRQHandler)
    [Anonymous Symbol]                       0x08004ca0   Section        0  stm32f4xx_it.o(.text.UsageFault_Handler)
    [Anonymous Symbol]                       0x08004ca4   Section        0  main.o(.text.main)
    CL$$btod_d2e                             0x08004f88   Section       62  btod.o(CL$$btod_d2e)
    CL$$btod_d2e_denorm_low                  0x08004fc6   Section       70  btod.o(CL$$btod_d2e_denorm_low)
    CL$$btod_d2e_norm_op1                    0x0800500c   Section       96  btod.o(CL$$btod_d2e_norm_op1)
    CL$$btod_div_common                      0x0800506c   Section      824  btod.o(CL$$btod_div_common)
    CL$$btod_e2e                             0x080053a4   Section      220  btod.o(CL$$btod_e2e)
    CL$$btod_ediv                            0x08005480   Section       42  btod.o(CL$$btod_ediv)
    CL$$btod_emul                            0x080054aa   Section       42  btod.o(CL$$btod_emul)
    CL$$btod_mult_common                     0x080054d4   Section      580  btod.o(CL$$btod_mult_common)
    i.__ARM_fpclassify                       0x08005718   Section        0  fpclassify.o(i.__ARM_fpclassify)
    i._is_digit                              0x08005748   Section        0  __printf_wp.o(i._is_digit)
    locale$$code                             0x08005758   Section       44  lc_numeric_c.o(locale$$code)
    $v0                                      0x08005784   Number         0  dretinf.o(x$fpl$dretinf)
    x$fpl$dretinf                            0x08005784   Section       12  dretinf.o(x$fpl$dretinf)
    $v0                                      0x08005790   Number         0  f2d.o(x$fpl$f2d)
    x$fpl$f2d                                0x08005790   Section       86  f2d.o(x$fpl$f2d)
    $v0                                      0x080057e6   Number         0  fnaninf.o(x$fpl$fnaninf)
    x$fpl$fnaninf                            0x080057e6   Section      140  fnaninf.o(x$fpl$fnaninf)
    $v0                                      0x08005872   Number         0  fpinit.o(x$fpl$fpinit)
    x$fpl$fpinit                             0x08005872   Section       26  fpinit.o(x$fpl$fpinit)
    $v0                                      0x0800588c   Number         0  printf1.o(x$fpl$printf1)
    x$fpl$printf1                            0x0800588c   Section        4  printf1.o(x$fpl$printf1)
    tenpwrs_x                                0x08005890   Data          60  bigflt0.o(.constdata)
    .constdata                               0x08005890   Section      148  bigflt0.o(.constdata)
    x$fpl$usenofp                            0x08005890   Section        0  usenofp.o(x$fpl$usenofp)
    tenpwrs_i                                0x080058cc   Data          64  bigflt0.o(.constdata)
    DMA_CalcBaseAndBitshift.flagBitshiftOffset 0x08005950   Data           8  stm32f4xx_hal_dma.o(.rodata.cst8)
    [Anonymous Symbol]                       0x08005950   Section        0  stm32f4xx_hal_dma.o(.rodata.cst8)
    .L.str.5                                 0x08005958   Data           3  main.o(.rodata.str1.1)
    [Anonymous Symbol]                       0x08005958   Section        0  main.o(.rodata.str1.1)
    .L.str.2                                 0x0800595b   Data           5  main.o(.rodata.str1.1)
    .L.str.4                                 0x08005960   Data          11  main.o(.rodata.str1.1)
    .L.str.3                                 0x0800596b   Data           6  main.o(.rodata.str1.1)
    locale$$data                             0x08005994   Section       28  lc_numeric_c.o(locale$$data)
    __lcnum_c_name                           0x08005998   Data           2  lc_numeric_c.o(locale$$data)
    __lcnum_c_start                          0x080059a0   Data           0  lc_numeric_c.o(locale$$data)
    __lcnum_c_point                          0x080059ac   Data           0  lc_numeric_c.o(locale$$data)
    __lcnum_c_thousands                      0x080059ae   Data           0  lc_numeric_c.o(locale$$data)
    __lcnum_c_grouping                       0x080059af   Data           0  lc_numeric_c.o(locale$$data)
    __lcnum_c_end                            0x080059b0   Data           0  lc_numeric_c.o(locale$$data)
    .L_MergedGlobals                         0x20000000   Data           8  stm32f4xx_hal.o(.data..L_MergedGlobals)
    [Anonymous Symbol]                       0x20000000   Section        0  stm32f4xx_hal.o(.data..L_MergedGlobals)
    Stat                                     0x20000008   Data           1  sd_diskio.o(.data.Stat)
    [Anonymous Symbol]                       0x20000008   Section        0  sd_diskio.o(.data.Stat)
    .bss                                     0x20000010   Section       96  libspace.o(.bss)
    .L_MergedGlobals                         0x20000070   Data         120  main.o(.bss..L_MergedGlobals)
    [Anonymous Symbol]                       0x20000070   Section        0  main.o(.bss..L_MergedGlobals)
    .L_MergedGlobals                         0x200000e8   Data           5  fatfs.o(.bss..L_MergedGlobals)
    [Anonymous Symbol]                       0x200000e8   Section        0  fatfs.o(.bss..L_MergedGlobals)
    Heap_Mem                                 0x20000338   Data         512  startup_stm32f407xx.o(HEAP)
    HEAP                                     0x20000338   Section      512  startup_stm32f407xx.o(HEAP)
    Stack_Mem                                0x20000538   Data        1024  startup_stm32f407xx.o(STACK)
    STACK                                    0x20000538   Section     1024  startup_stm32f407xx.o(STACK)
    __initial_sp                             0x20000938   Data           0  startup_stm32f407xx.o(STACK)

    Global Symbols

    Symbol Name                              Value     Ov Type        Size  Object(Section)

    BuildAttributes$$THM_ISAv4$E$P$D$K$B$S$7EM$VFPi3$EXTD16$VFPS$VFMA$PE$A:L22UL41UL21$X:L11$S22US41US21$IEEE1$IW$~IW$USESV6$~STKCKD$USESV7$~SHL$OTIME$ROPI$IEEEJ$EBA8$UX$STANDARDLIB$REQ8$PRES8$EABIv2 0x00000000   Number         0  anon$$obj.o ABSOLUTE
    _printf_flags                            0x00000000   Number         0  printf_stubs.o ABSOLUTE
    _printf_return_value                     0x00000000   Number         0  printf_stubs.o ABSOLUTE
    _printf_sizespec                         0x00000000   Number         0  printf_stubs.o ABSOLUTE
    _printf_widthprec                        0x00000000   Number         0  printf_stubs.o ABSOLUTE
    __ARM_exceptions_init                     - Undefined Weak Reference
    __alloca_initialize                       - Undefined Weak Reference
    __arm_preinit_                            - Undefined Weak Reference
    __arm_relocate_pie_                       - Undefined Weak Reference
    __cpp_initialize__aeabi_                  - Undefined Weak Reference
    __cxa_finalize                            - Undefined Weak Reference
    __sigvec_lookup                           - Undefined Weak Reference
    _atexit_init                              - Undefined Weak Reference
    _call_atexit_fns                          - Undefined Weak Reference
    _clock_init                               - Undefined Weak Reference
    _fp_trap_init                             - Undefined Weak Reference
    _fp_trap_shutdown                         - Undefined Weak Reference
    _get_lc_collate                           - Undefined Weak Reference
    _get_lc_ctype                             - Undefined Weak Reference
    _get_lc_monetary                          - Undefined Weak Reference
    _get_lc_time                              - Undefined Weak Reference
    _getenv_init                              - Undefined Weak Reference
    _handle_redirection                       - Undefined Weak Reference
    _init_alloc                               - Undefined Weak Reference
    _init_user_alloc                          - Undefined Weak Reference
    _initio                                   - Undefined Weak Reference
    _printf_post_padding                      - Undefined Weak Reference
    _printf_pre_padding                       - Undefined Weak Reference
    _printf_truncate_signed                   - Undefined Weak Reference
    _printf_truncate_unsigned                 - Undefined Weak Reference
    _rand_init                                - Undefined Weak Reference
    _signal_finish                            - Undefined Weak Reference
    _signal_init                              - Undefined Weak Reference
    _terminate_alloc                          - Undefined Weak Reference
    _terminate_user_alloc                     - Undefined Weak Reference
    _terminateio                              - Undefined Weak Reference
    __Vectors_Size                           0x00000188   Number         0  startup_stm32f407xx.o ABSOLUTE
    __Vectors                                0x08000000   Data           4  startup_stm32f407xx.o(RESET)
    __Vectors_End                            0x08000188   Data           0  startup_stm32f407xx.o(RESET)
    __main                                   0x08000189   Thumb Code     8  __main.o(!!!main)
    __scatterload                            0x08000191   Thumb Code     0  __scatter.o(!!!scatter)
    __scatterload_rt2                        0x08000191   Thumb Code    84  __scatter.o(!!!scatter)
    __scatterload_rt2_thumb_only             0x08000191   Thumb Code     0  __scatter.o(!!!scatter)
    __scatterload_loop                       0x0800019b   Thumb Code     0  __scatter.o(!!!scatter)
    __scatterload_copy                       0x080001ed   Thumb Code    26  __scatter_copy.o(!!handler_copy)
    __scatterload_null                       0x08000209   Thumb Code     2  __scatter.o(!!handler_null)
    __scatterload_zeroinit                   0x0800020d   Thumb Code    28  __scatter_zi.o(!!handler_zi)
    _printf_f                                0x08000229   Thumb Code     0  _printf_f.o(.ARM.Collect$$_printf_percent$$00000003)
    _printf_percent                          0x08000229   Thumb Code     0  _printf_percent.o(.ARM.Collect$$_printf_percent$$00000000)
    _printf_u                                0x0800022f   Thumb Code     0  _printf_u.o(.ARM.Collect$$_printf_percent$$0000000A)
    _printf_percent_end                      0x08000235   Thumb Code     0  _printf_percent_end.o(.ARM.Collect$$_printf_percent$$00000017)
    __rt_lib_init                            0x08000239   Thumb Code     0  libinit.o(.ARM.Collect$$libinit$$00000000)
    __rt_lib_init_fp_1                       0x0800023b   Thumb Code     0  libinit2.o(.ARM.Collect$$libinit$$00000001)
    __rt_lib_init_heap_1                     0x0800023f   Thumb Code     0  libinit2.o(.ARM.Collect$$libinit$$0000000C)
    __rt_lib_init_lc_common                  0x0800023f   Thumb Code     0  libinit2.o(.ARM.Collect$$libinit$$00000011)
    __rt_lib_init_preinit_1                  0x0800023f   Thumb Code     0  libinit2.o(.ARM.Collect$$libinit$$00000006)
    __rt_lib_init_rand_1                     0x0800023f   Thumb Code     0  libinit2.o(.ARM.Collect$$libinit$$00000010)
    __rt_lib_init_relocate_pie_1             0x0800023f   Thumb Code     0  libinit2.o(.ARM.Collect$$libinit$$00000004)
    __rt_lib_init_user_alloc_1               0x0800023f   Thumb Code     0  libinit2.o(.ARM.Collect$$libinit$$0000000E)
    __rt_lib_init_lc_collate_1               0x08000245   Thumb Code     0  libinit2.o(.ARM.Collect$$libinit$$00000013)
    __rt_lib_init_lc_ctype_1                 0x08000245   Thumb Code     0  libinit2.o(.ARM.Collect$$libinit$$00000015)
    __rt_lib_init_lc_monetary_1              0x08000245   Thumb Code     0  libinit2.o(.ARM.Collect$$libinit$$00000017)
    __rt_lib_init_lc_numeric_2               0x08000245   Thumb Code     0  libinit2.o(.ARM.Collect$$libinit$$00000018)
    __rt_lib_init_alloca_1                   0x0800024f   Thumb Code     0  libinit2.o(.ARM.Collect$$libinit$$00000030)
    __rt_lib_init_argv_1                     0x0800024f   Thumb Code     0  libinit2.o(.ARM.Collect$$libinit$$0000002E)
    __rt_lib_init_atexit_1                   0x0800024f   Thumb Code     0  libinit2.o(.ARM.Collect$$libinit$$0000001D)
    __rt_lib_init_clock_1                    0x0800024f   Thumb Code     0  libinit2.o(.ARM.Collect$$libinit$$00000023)
    __rt_lib_init_cpp_1                      0x0800024f   Thumb Code     0  libinit2.o(.ARM.Collect$$libinit$$00000034)
    __rt_lib_init_exceptions_1               0x0800024f   Thumb Code     0  libinit2.o(.ARM.Collect$$libinit$$00000032)
    __rt_lib_init_fp_trap_1                  0x0800024f   Thumb Code     0  libinit2.o(.ARM.Collect$$libinit$$00000021)
    __rt_lib_init_getenv_1                   0x0800024f   Thumb Code     0  libinit2.o(.ARM.Collect$$libinit$$00000025)
    __rt_lib_init_lc_numeric_1               0x0800024f   Thumb Code     0  libinit2.o(.ARM.Collect$$libinit$$00000019)
    __rt_lib_init_lc_time_1                  0x0800024f   Thumb Code     0  libinit2.o(.ARM.Collect$$libinit$$0000001B)
    __rt_lib_init_return                     0x0800024f   Thumb Code     0  libinit2.o(.ARM.Collect$$libinit$$00000035)
    __rt_lib_init_signal_1                   0x0800024f   Thumb Code     0  libinit2.o(.ARM.Collect$$libinit$$0000001F)
    __rt_lib_init_stdio_1                    0x0800024f   Thumb Code     0  libinit2.o(.ARM.Collect$$libinit$$00000027)
    __rt_lib_shutdown                        0x08000251   Thumb Code     0  libshutdown.o(.ARM.Collect$$libshutdown$$00000000)
    __rt_lib_shutdown_cpp_1                  0x08000253   Thumb Code     0  libshutdown2.o(.ARM.Collect$$libshutdown$$00000002)
    __rt_lib_shutdown_fp_trap_1              0x08000253   Thumb Code     0  libshutdown2.o(.ARM.Collect$$libshutdown$$00000007)
    __rt_lib_shutdown_heap_1                 0x08000253   Thumb Code     0  libshutdown2.o(.ARM.Collect$$libshutdown$$0000000F)
    __rt_lib_shutdown_return                 0x08000253   Thumb Code     0  libshutdown2.o(.ARM.Collect$$libshutdown$$00000010)
    __rt_lib_shutdown_signal_1               0x08000253   Thumb Code     0  libshutdown2.o(.ARM.Collect$$libshutdown$$0000000A)
    __rt_lib_shutdown_stdio_1                0x08000253   Thumb Code     0  libshutdown2.o(.ARM.Collect$$libshutdown$$00000004)
    __rt_lib_shutdown_user_alloc_1           0x08000253   Thumb Code     0  libshutdown2.o(.ARM.Collect$$libshutdown$$0000000C)
    __rt_entry                               0x08000255   Thumb Code     0  __rtentry.o(.ARM.Collect$$rtentry$$00000000)
    __rt_entry_presh_1                       0x08000255   Thumb Code     0  __rtentry2.o(.ARM.Collect$$rtentry$$00000002)
    __rt_entry_sh                            0x08000255   Thumb Code     0  __rtentry4.o(.ARM.Collect$$rtentry$$00000004)
    __rt_entry_li                            0x0800025b   Thumb Code     0  __rtentry2.o(.ARM.Collect$$rtentry$$0000000A)
    __rt_entry_postsh_1                      0x0800025b   Thumb Code     0  __rtentry2.o(.ARM.Collect$$rtentry$$00000009)
    __rt_entry_main                          0x0800025f   Thumb Code     0  __rtentry2.o(.ARM.Collect$$rtentry$$0000000D)
    __rt_entry_postli_1                      0x0800025f   Thumb Code     0  __rtentry2.o(.ARM.Collect$$rtentry$$0000000C)
    __rt_exit                                0x08000267   Thumb Code     0  rtexit.o(.ARM.Collect$$rtexit$$00000000)
    __rt_exit_ls                             0x08000269   Thumb Code     0  rtexit2.o(.ARM.Collect$$rtexit$$00000003)
    __rt_exit_prels_1                        0x08000269   Thumb Code     0  rtexit2.o(.ARM.Collect$$rtexit$$00000002)
    __rt_exit_exit                           0x0800026d   Thumb Code     0  rtexit2.o(.ARM.Collect$$rtexit$$00000004)
    Reset_Handler                            0x08000275   Thumb Code     8  startup_stm32f407xx.o(.text)
    ADC_IRQHandler                           0x0800028f   Thumb Code     0  startup_stm32f407xx.o(.text)
    CAN1_RX0_IRQHandler                      0x0800028f   Thumb Code     0  startup_stm32f407xx.o(.text)
    CAN1_RX1_IRQHandler                      0x0800028f   Thumb Code     0  startup_stm32f407xx.o(.text)
    CAN1_SCE_IRQHandler                      0x0800028f   Thumb Code     0  startup_stm32f407xx.o(.text)
    CAN1_TX_IRQHandler                       0x0800028f   Thumb Code     0  startup_stm32f407xx.o(.text)
    CAN2_RX0_IRQHandler                      0x0800028f   Thumb Code     0  startup_stm32f407xx.o(.text)
    CAN2_RX1_IRQHandler                      0x0800028f   Thumb Code     0  startup_stm32f407xx.o(.text)
    CAN2_SCE_IRQHandler                      0x0800028f   Thumb Code     0  startup_stm32f407xx.o(.text)
    CAN2_TX_IRQHandler                       0x0800028f   Thumb Code     0  startup_stm32f407xx.o(.text)
    DCMI_IRQHandler                          0x0800028f   Thumb Code     0  startup_stm32f407xx.o(.text)
    DMA1_Stream0_IRQHandler                  0x0800028f   Thumb Code     0  startup_stm32f407xx.o(.text)
    DMA1_Stream1_IRQHandler                  0x0800028f   Thumb Code     0  startup_stm32f407xx.o(.text)
    DMA1_Stream2_IRQHandler                  0x0800028f   Thumb Code     0  startup_stm32f407xx.o(.text)
    DMA1_Stream3_IRQHandler                  0x0800028f   Thumb Code     0  startup_stm32f407xx.o(.text)
    DMA1_Stream4_IRQHandler                  0x0800028f   Thumb Code     0  startup_stm32f407xx.o(.text)
    DMA1_Stream5_IRQHandler                  0x0800028f   Thumb Code     0  startup_stm32f407xx.o(.text)
    DMA1_Stream6_IRQHandler                  0x0800028f   Thumb Code     0  startup_stm32f407xx.o(.text)
    DMA1_Stream7_IRQHandler                  0x0800028f   Thumb Code     0  startup_stm32f407xx.o(.text)
    DMA2_Stream0_IRQHandler                  0x0800028f   Thumb Code     0  startup_stm32f407xx.o(.text)
    DMA2_Stream1_IRQHandler                  0x0800028f   Thumb Code     0  startup_stm32f407xx.o(.text)
    DMA2_Stream2_IRQHandler                  0x0800028f   Thumb Code     0  startup_stm32f407xx.o(.text)
    DMA2_Stream4_IRQHandler                  0x0800028f   Thumb Code     0  startup_stm32f407xx.o(.text)
    DMA2_Stream5_IRQHandler                  0x0800028f   Thumb Code     0  startup_stm32f407xx.o(.text)
    DMA2_Stream7_IRQHandler                  0x0800028f   Thumb Code     0  startup_stm32f407xx.o(.text)
    ETH_IRQHandler                           0x0800028f   Thumb Code     0  startup_stm32f407xx.o(.text)
    ETH_WKUP_IRQHandler                      0x0800028f   Thumb Code     0  startup_stm32f407xx.o(.text)
    EXTI0_IRQHandler                         0x0800028f   Thumb Code     0  startup_stm32f407xx.o(.text)
    EXTI15_10_IRQHandler                     0x0800028f   Thumb Code     0  startup_stm32f407xx.o(.text)
    EXTI1_IRQHandler                         0x0800028f   Thumb Code     0  startup_stm32f407xx.o(.text)
    EXTI2_IRQHandler                         0x0800028f   Thumb Code     0  startup_stm32f407xx.o(.text)
    EXTI3_IRQHandler                         0x0800028f   Thumb Code     0  startup_stm32f407xx.o(.text)
    EXTI4_IRQHandler                         0x0800028f   Thumb Code     0  startup_stm32f407xx.o(.text)
    EXTI9_5_IRQHandler                       0x0800028f   Thumb Code     0  startup_stm32f407xx.o(.text)
    FLASH_IRQHandler                         0x0800028f   Thumb Code     0  startup_stm32f407xx.o(.text)
    FMC_IRQHandler                           0x0800028f   Thumb Code     0  startup_stm32f407xx.o(.text)
    FPU_IRQHandler                           0x0800028f   Thumb Code     0  startup_stm32f407xx.o(.text)
    HASH_RNG_IRQHandler                      0x0800028f   Thumb Code     0  startup_stm32f407xx.o(.text)
    I2C1_ER_IRQHandler                       0x0800028f   Thumb Code     0  startup_stm32f407xx.o(.text)
    I2C1_EV_IRQHandler                       0x0800028f   Thumb Code     0  startup_stm32f407xx.o(.text)
    I2C2_ER_IRQHandler                       0x0800028f   Thumb Code     0  startup_stm32f407xx.o(.text)
    I2C2_EV_IRQHandler                       0x0800028f   Thumb Code     0  startup_stm32f407xx.o(.text)
    I2C3_ER_IRQHandler                       0x0800028f   Thumb Code     0  startup_stm32f407xx.o(.text)
    I2C3_EV_IRQHandler                       0x0800028f   Thumb Code     0  startup_stm32f407xx.o(.text)
    OTG_FS_IRQHandler                        0x0800028f   Thumb Code     0  startup_stm32f407xx.o(.text)
    OTG_FS_WKUP_IRQHandler                   0x0800028f   Thumb Code     0  startup_stm32f407xx.o(.text)
    OTG_HS_EP1_IN_IRQHandler                 0x0800028f   Thumb Code     0  startup_stm32f407xx.o(.text)
    OTG_HS_EP1_OUT_IRQHandler                0x0800028f   Thumb Code     0  startup_stm32f407xx.o(.text)
    OTG_HS_IRQHandler                        0x0800028f   Thumb Code     0  startup_stm32f407xx.o(.text)
    OTG_HS_WKUP_IRQHandler                   0x0800028f   Thumb Code     0  startup_stm32f407xx.o(.text)
    PVD_IRQHandler                           0x0800028f   Thumb Code     0  startup_stm32f407xx.o(.text)
    RCC_IRQHandler                           0x0800028f   Thumb Code     0  startup_stm32f407xx.o(.text)
    RTC_Alarm_IRQHandler                     0x0800028f   Thumb Code     0  startup_stm32f407xx.o(.text)
    RTC_WKUP_IRQHandler                      0x0800028f   Thumb Code     0  startup_stm32f407xx.o(.text)
    SPI1_IRQHandler                          0x0800028f   Thumb Code     0  startup_stm32f407xx.o(.text)
    SPI2_IRQHandler                          0x0800028f   Thumb Code     0  startup_stm32f407xx.o(.text)
    SPI3_IRQHandler                          0x0800028f   Thumb Code     0  startup_stm32f407xx.o(.text)
    TAMP_STAMP_IRQHandler                    0x0800028f   Thumb Code     0  startup_stm32f407xx.o(.text)
    TIM1_BRK_TIM9_IRQHandler                 0x0800028f   Thumb Code     0  startup_stm32f407xx.o(.text)
    TIM1_CC_IRQHandler                       0x0800028f   Thumb Code     0  startup_stm32f407xx.o(.text)
    TIM1_TRG_COM_TIM11_IRQHandler            0x0800028f   Thumb Code     0  startup_stm32f407xx.o(.text)
    TIM1_UP_TIM10_IRQHandler                 0x0800028f   Thumb Code     0  startup_stm32f407xx.o(.text)
    TIM2_IRQHandler                          0x0800028f   Thumb Code     0  startup_stm32f407xx.o(.text)
    TIM3_IRQHandler                          0x0800028f   Thumb Code     0  startup_stm32f407xx.o(.text)
    TIM4_IRQHandler                          0x0800028f   Thumb Code     0  startup_stm32f407xx.o(.text)
    TIM5_IRQHandler                          0x0800028f   Thumb Code     0  startup_stm32f407xx.o(.text)
    TIM6_DAC_IRQHandler                      0x0800028f   Thumb Code     0  startup_stm32f407xx.o(.text)
    TIM7_IRQHandler                          0x0800028f   Thumb Code     0  startup_stm32f407xx.o(.text)
    TIM8_BRK_TIM12_IRQHandler                0x0800028f   Thumb Code     0  startup_stm32f407xx.o(.text)
    TIM8_CC_IRQHandler                       0x0800028f   Thumb Code     0  startup_stm32f407xx.o(.text)
    TIM8_TRG_COM_TIM14_IRQHandler            0x0800028f   Thumb Code     0  startup_stm32f407xx.o(.text)
    UART4_IRQHandler                         0x0800028f   Thumb Code     0  startup_stm32f407xx.o(.text)
    UART5_IRQHandler                         0x0800028f   Thumb Code     0  startup_stm32f407xx.o(.text)
    USART1_IRQHandler                        0x0800028f   Thumb Code     0  startup_stm32f407xx.o(.text)
    USART2_IRQHandler                        0x0800028f   Thumb Code     0  startup_stm32f407xx.o(.text)
    USART6_IRQHandler                        0x0800028f   Thumb Code     0  startup_stm32f407xx.o(.text)
    WWDG_IRQHandler                          0x0800028f   Thumb Code     0  startup_stm32f407xx.o(.text)
    __user_initial_stackheap                 0x08000291   Thumb Code     0  startup_stm32f407xx.o(.text)
    __aeabi_uldivmod                         0x080002b5   Thumb Code     0  lludivv7m.o(.text)
    _ll_udiv                                 0x080002b5   Thumb Code   240  lludivv7m.o(.text)
    __2sprintf                               0x080003a5   Thumb Code    38  __2sprintf.o(.text)
    _printf_int_dec                          0x080003d1   Thumb Code   104  _printf_dec.o(.text)
    __printf                                 0x08000449   Thumb Code   270  __printf_wp.o(.text)
    strstr                                   0x08000557   Thumb Code    36  strstr.o(.text)
    memcmp                                   0x0800057b   Thumb Code    88  memcmp.o(.text)
    __aeabi_memclr4                          0x080005d3   Thumb Code     0  rt_memclr_w.o(.text)
    __aeabi_memclr8                          0x080005d3   Thumb Code     0  rt_memclr_w.o(.text)
    __rt_memclr_w                            0x080005d3   Thumb Code     0  rt_memclr_w.o(.text)
    _memset_w                                0x080005d7   Thumb Code    74  rt_memclr_w.o(.text)
    strcmp                                   0x08000621   Thumb Code   124  strcmpv7em.o(.text)
    __use_two_region_memory                  0x0800069d   Thumb Code     2  heapauxi.o(.text)
    __rt_heap_escrow$2region                 0x0800069f   Thumb Code     2  heapauxi.o(.text)
    __rt_heap_expand$2region                 0x080006a1   Thumb Code     2  heapauxi.o(.text)
    _printf_int_common                       0x080006a3   Thumb Code   178  _printf_intcommon.o(.text)
    _printf_fp_dec_real                      0x08000905   Thumb Code   620  _printf_fp_dec.o(.text)
    _printf_char_common                      0x08000b7b   Thumb Code    32  _printf_char_common.o(.text)
    _sputc                                   0x08000ba1   Thumb Code    10  _sputc.o(.text)
    __rt_locale                              0x08000bad   Thumb Code     8  rt_locale_intlibspace.o(.text)
    _ll_udiv10                               0x08000bb5   Thumb Code   138  lludiv10.o(.text)
    _printf_fp_infnan                        0x08000c41   Thumb Code   112  _printf_fp_infnan.o(.text)
    _btod_etento                             0x08000cc1   Thumb Code   224  bigflt0.o(.text)
    __user_libspace                          0x08000da5   Thumb Code     8  libspace.o(.text)
    __user_perproc_libspace                  0x08000da5   Thumb Code     0  libspace.o(.text)
    __user_perthread_libspace                0x08000da5   Thumb Code     0  libspace.o(.text)
    __user_setup_stackheap                   0x08000dad   Thumb Code    74  sys_stackheap_outer.o(.text)
    exit                                     0x08000df7   Thumb Code    18  exit.o(.text)
    _sys_exit                                0x08000e09   Thumb Code     8  sys_exit.o(.text)
    __I$use$semihosting                      0x08000e15   Thumb Code     0  use_no_semi.o(.text)
    __use_no_semihosting_swi                 0x08000e15   Thumb Code     2  use_no_semi.o(.text)
    __semihosting_library_function           0x08000e17   Thumb Code     0  indicate_semi.o(.text)
    BSP_PlatformIsDetected                   0x08000e19   Thumb Code    22  fatfs_platform.o(.text.BSP_PlatformIsDetected)
    BSP_SD_AbortCallback                     0x08000e31   Thumb Code     2  bsp_driver_sd.o(.text.BSP_SD_AbortCallback)
    BSP_SD_GetCardInfo                       0x08000e35   Thumb Code    14  bsp_driver_sd.o(.text.BSP_SD_GetCardInfo)
    BSP_SD_GetCardState                      0x08000e45   Thumb Code    22  bsp_driver_sd.o(.text.BSP_SD_GetCardState)
    BSP_SD_Init                              0x08000e5d   Thumb Code    30  bsp_driver_sd.o(.text.BSP_SD_Init)
    BSP_SD_IsDetected                        0x08000e7d   Thumb Code    32  bsp_driver_sd.o(.text.BSP_SD_IsDetected)
    BSP_SD_ReadBlocks                        0x08000e9d   Thumb Code    38  bsp_driver_sd.o(.text.BSP_SD_ReadBlocks)
    BSP_SD_ReadCpltCallback                  0x08000ec5   Thumb Code     2  bsp_driver_sd.o(.text.BSP_SD_ReadCpltCallback)
    BSP_SD_WriteBlocks                       0x08000ec9   Thumb Code    38  bsp_driver_sd.o(.text.BSP_SD_WriteBlocks)
    BSP_SD_WriteCpltCallback                 0x08000ef1   Thumb Code     2  bsp_driver_sd.o(.text.BSP_SD_WriteCpltCallback)
    BusFault_Handler                         0x08000ef5   Thumb Code     2  stm32f4xx_it.o(.text.BusFault_Handler)
    DMA2_Stream3_IRQHandler                  0x08000ef9   Thumb Code    12  stm32f4xx_it.o(.text.DMA2_Stream3_IRQHandler)
    DMA2_Stream6_IRQHandler                  0x08000f05   Thumb Code    12  stm32f4xx_it.o(.text.DMA2_Stream6_IRQHandler)
    DebugMon_Handler                         0x08000f11   Thumb Code     2  stm32f4xx_it.o(.text.DebugMon_Handler)
    Error_Handler                            0x08000f15   Thumb Code     6  main.o(.text.Error_Handler)
    FATFS_LinkDriver                         0x08000f1d   Thumb Code    76  ff_gen_drv.o(.text.FATFS_LinkDriver)
    HAL_DMA_Abort                            0x08000f69   Thumb Code   142  stm32f4xx_hal_dma.o(.text.HAL_DMA_Abort)
    HAL_DMA_Abort_IT                         0x08000ff9   Thumb Code    36  stm32f4xx_hal_dma.o(.text.HAL_DMA_Abort_IT)
    HAL_DMA_IRQHandler                       0x0800101d   Thumb Code   452  stm32f4xx_hal_dma.o(.text.HAL_DMA_IRQHandler)
    HAL_DMA_Init                             0x080011e1   Thumb Code   354  stm32f4xx_hal_dma.o(.text.HAL_DMA_Init)
    HAL_Delay                                0x08001345   Thumb Code    40  stm32f4xx_hal.o(.text.HAL_Delay)
    HAL_GPIO_Init                            0x0800136d   Thumb Code   414  stm32f4xx_hal_gpio.o(.text.HAL_GPIO_Init)
    HAL_GPIO_ReadPin                         0x0800150d   Thumb Code    10  stm32f4xx_hal_gpio.o(.text.HAL_GPIO_ReadPin)
    HAL_GPIO_WritePin                        0x08001519   Thumb Code    10  stm32f4xx_hal_gpio.o(.text.HAL_GPIO_WritePin)
    HAL_GetTick                              0x08001525   Thumb Code    12  stm32f4xx_hal.o(.text.HAL_GetTick)
    HAL_IncTick                              0x08001531   Thumb Code    26  stm32f4xx_hal.o(.text.HAL_IncTick)
    HAL_Init                                 0x0800154d   Thumb Code    54  stm32f4xx_hal.o(.text.HAL_Init)
    HAL_InitTick                             0x08001585   Thumb Code    72  stm32f4xx_hal.o(.text.HAL_InitTick)
    HAL_MspInit                              0x080015cd   Thumb Code    56  stm32f4xx_hal_msp.o(.text.HAL_MspInit)
    HAL_NVIC_EnableIRQ                       0x08001605   Thumb Code    34  stm32f4xx_hal_cortex.o(.text.HAL_NVIC_EnableIRQ)
    HAL_NVIC_SetPriority                     0x08001629   Thumb Code    86  stm32f4xx_hal_cortex.o(.text.HAL_NVIC_SetPriority)
    HAL_NVIC_SetPriorityGrouping             0x08001681   Thumb Code    32  stm32f4xx_hal_cortex.o(.text.HAL_NVIC_SetPriorityGrouping)
    HAL_RCCEx_PeriphCLKConfig                0x080016a1   Thumb Code   330  stm32f4xx_hal_rcc_ex.o(.text.HAL_RCCEx_PeriphCLKConfig)
    HAL_RCC_ClockConfig                      0x080017ed   Thumb Code   356  stm32f4xx_hal_rcc.o(.text.HAL_RCC_ClockConfig)
    HAL_RCC_GetPCLK1Freq                     0x08001951   Thumb Code    38  stm32f4xx_hal_rcc.o(.text.HAL_RCC_GetPCLK1Freq)
    HAL_RCC_GetPCLK2Freq                     0x08001979   Thumb Code    38  stm32f4xx_hal_rcc.o(.text.HAL_RCC_GetPCLK2Freq)
    HAL_RCC_GetSysClockFreq                  0x080019a1   Thumb Code   108  stm32f4xx_hal_rcc.o(.text.HAL_RCC_GetSysClockFreq)
    HAL_RCC_OscConfig                        0x08001a0d   Thumb Code   940  stm32f4xx_hal_rcc.o(.text.HAL_RCC_OscConfig)
    HAL_RTC_Init                             0x08001db9   Thumb Code   252  stm32f4xx_hal_rtc.o(.text.HAL_RTC_Init)
    HAL_RTC_MspInit                          0x08001eb5   Thumb Code    68  stm32f4xx_hal_msp.o(.text.HAL_RTC_MspInit)
    HAL_RTC_SetDate                          0x08001ef9   Thumb Code   356  stm32f4xx_hal_rtc.o(.text.HAL_RTC_SetDate)
    HAL_RTC_SetTime                          0x0800205d   Thumb Code   424  stm32f4xx_hal_rtc.o(.text.HAL_RTC_SetTime)
    HAL_SD_AbortCallback                     0x08002205   Thumb Code     4  bsp_driver_sd.o(.text.HAL_SD_AbortCallback)
    HAL_SD_ErrorCallback                     0x08002209   Thumb Code     2  stm32f4xx_hal_sd.o(.text.HAL_SD_ErrorCallback)
    HAL_SD_GetCardCSD                        0x0800220d   Thumb Code   390  stm32f4xx_hal_sd.o(.text.HAL_SD_GetCardCSD)
    HAL_SD_GetCardInfo                       0x08002395   Thumb Code    36  stm32f4xx_hal_sd.o(.text.HAL_SD_GetCardInfo)
    HAL_SD_GetCardState                      0x080023b9   Thumb Code    42  stm32f4xx_hal_sd.o(.text.HAL_SD_GetCardState)
    HAL_SD_IRQHandler                        0x080023e5   Thumb Code   672  stm32f4xx_hal_sd.o(.text.HAL_SD_IRQHandler)
    HAL_SD_Init                              0x08002685   Thumb Code    64  stm32f4xx_hal_sd.o(.text.HAL_SD_Init)
    HAL_SD_InitCard                          0x080026c5   Thumb Code   540  stm32f4xx_hal_sd.o(.text.HAL_SD_InitCard)
    HAL_SD_MspInit                           0x080028e1   Thumb Code   358  stm32f4xx_hal_msp.o(.text.HAL_SD_MspInit)
    HAL_SD_ReadBlocks                        0x08002a49   Thumb Code   568  stm32f4xx_hal_sd.o(.text.HAL_SD_ReadBlocks)
    HAL_SD_RxCpltCallback                    0x08002c81   Thumb Code     4  bsp_driver_sd.o(.text.HAL_SD_RxCpltCallback)
    HAL_SD_TxCpltCallback                    0x08002c85   Thumb Code     4  bsp_driver_sd.o(.text.HAL_SD_TxCpltCallback)
    HAL_SD_WriteBlocks                       0x08002c89   Thumb Code   566  stm32f4xx_hal_sd.o(.text.HAL_SD_WriteBlocks)
    HAL_SYSTICK_Config                       0x08002ec1   Thumb Code    44  stm32f4xx_hal_cortex.o(.text.HAL_SYSTICK_Config)
    HAL_TIMEx_BreakCallback                  0x08002eed   Thumb Code     2  stm32f4xx_hal_tim_ex.o(.text.HAL_TIMEx_BreakCallback)
    HAL_TIMEx_CommutCallback                 0x08002ef1   Thumb Code     2  stm32f4xx_hal_tim_ex.o(.text.HAL_TIMEx_CommutCallback)
    HAL_TIM_Base_Init                        0x08002ef5   Thumb Code    90  stm32f4xx_hal_tim.o(.text.HAL_TIM_Base_Init)
    HAL_TIM_Base_MspInit                     0x08002f51   Thumb Code    72  stm32f4xx_hal_msp.o(.text.HAL_TIM_Base_MspInit)
    HAL_TIM_Base_Start_IT                    0x08002f99   Thumb Code   170  stm32f4xx_hal_tim.o(.text.HAL_TIM_Base_Start_IT)
    HAL_TIM_IC_CaptureCallback               0x08003045   Thumb Code     2  stm32f4xx_hal_tim.o(.text.HAL_TIM_IC_CaptureCallback)
    HAL_TIM_IRQHandler                       0x08003049   Thumb Code   334  stm32f4xx_hal_tim.o(.text.HAL_TIM_IRQHandler)
    HAL_TIM_OC_ConfigChannel                 0x08003199   Thumb Code   436  stm32f4xx_hal_tim.o(.text.HAL_TIM_OC_ConfigChannel)
    HAL_TIM_OC_DelayElapsedCallback          0x0800334d   Thumb Code     2  stm32f4xx_hal_tim.o(.text.HAL_TIM_OC_DelayElapsedCallback)
    HAL_TIM_OC_Init                          0x08003351   Thumb Code    90  stm32f4xx_hal_tim.o(.text.HAL_TIM_OC_Init)
    HAL_TIM_OC_MspInit                       0x080033ad   Thumb Code     2  stm32f4xx_hal_tim.o(.text.HAL_TIM_OC_MspInit)
    HAL_TIM_PWM_PulseFinishedCallback        0x080033b1   Thumb Code     2  stm32f4xx_hal_tim.o(.text.HAL_TIM_PWM_PulseFinishedCallback)
    HAL_TIM_PeriodElapsedCallback            0x080033b5   Thumb Code   152  main.o(.text.HAL_TIM_PeriodElapsedCallback)
    HAL_TIM_TriggerCallback                  0x08003461   Thumb Code     2  stm32f4xx_hal_tim.o(.text.HAL_TIM_TriggerCallback)
    HAL_UARTEx_RxEventCallback               0x08003465   Thumb Code     2  stm32f4xx_hal_uart.o(.text.HAL_UARTEx_RxEventCallback)
    HAL_UART_ErrorCallback                   0x08003469   Thumb Code     2  stm32f4xx_hal_uart.o(.text.HAL_UART_ErrorCallback)
    HAL_UART_IRQHandler                      0x0800346d   Thumb Code  1392  stm32f4xx_hal_uart.o(.text.HAL_UART_IRQHandler)
    HAL_UART_Init                            0x080039dd   Thumb Code    96  stm32f4xx_hal_uart.o(.text.HAL_UART_Init)
    HAL_UART_MspInit                         0x08003a3d   Thumb Code   228  stm32f4xx_hal_msp.o(.text.HAL_UART_MspInit)
    HAL_UART_Receive                         0x08003b21   Thumb Code   558  stm32f4xx_hal_uart.o(.text.HAL_UART_Receive)
    HAL_UART_Receive_IT                      0x08003d51   Thumb Code    84  stm32f4xx_hal_uart.o(.text.HAL_UART_Receive_IT)
    HAL_UART_RxCpltCallback                  0x08003da5   Thumb Code   182  main.o(.text.HAL_UART_RxCpltCallback)
    HAL_UART_Transmit                        0x08003e5d   Thumb Code   402  stm32f4xx_hal_uart.o(.text.HAL_UART_Transmit)
    HAL_UART_TxCpltCallback                  0x08003ff1   Thumb Code     2  stm32f4xx_hal_uart.o(.text.HAL_UART_TxCpltCallback)
    HardFault_Handler                        0x08003ff5   Thumb Code     2  stm32f4xx_it.o(.text.HardFault_Handler)
    MX_FATFS_Init                            0x08003ff9   Thumb Code    28  fatfs.o(.text.MX_FATFS_Init)
    MemManage_Handler                        0x08004015   Thumb Code     2  stm32f4xx_it.o(.text.MemManage_Handler)
    NMI_Handler                              0x08004019   Thumb Code     2  stm32f4xx_it.o(.text.NMI_Handler)
    PendSV_Handler                           0x0800401d   Thumb Code     2  stm32f4xx_it.o(.text.PendSV_Handler)
    SDIO_ConfigData                          0x08004021   Thumb Code    38  stm32f4xx_ll_sdmmc.o(.text.SDIO_ConfigData)
    SDIO_GetPowerState                       0x08004049   Thumb Code     8  stm32f4xx_ll_sdmmc.o(.text.SDIO_GetPowerState)
    SDIO_GetResponse                         0x08004051   Thumb Code     6  stm32f4xx_ll_sdmmc.o(.text.SDIO_GetResponse)
    SDIO_IRQHandler                          0x08004059   Thumb Code    12  stm32f4xx_it.o(.text.SDIO_IRQHandler)
    SDIO_Init                                0x08004065   Thumb Code    44  stm32f4xx_ll_sdmmc.o(.text.SDIO_Init)
    SDIO_PowerState_ON                       0x08004091   Thumb Code    10  stm32f4xx_ll_sdmmc.o(.text.SDIO_PowerState_ON)
    SDIO_ReadFIFO                            0x0800409d   Thumb Code     6  stm32f4xx_ll_sdmmc.o(.text.SDIO_ReadFIFO)
    SDIO_WriteFIFO                           0x080040a5   Thumb Code    12  stm32f4xx_ll_sdmmc.o(.text.SDIO_WriteFIFO)
    SDMMC_CmdAppCommand                      0x080040b1   Thumb Code    24  stm32f4xx_ll_sdmmc.o(.text.SDMMC_CmdAppCommand)
    SDMMC_CmdAppOperCommand                  0x080040c9   Thumb Code   144  stm32f4xx_ll_sdmmc.o(.text.SDMMC_CmdAppOperCommand)
    SDMMC_CmdBlockLength                     0x08004159   Thumb Code    24  stm32f4xx_ll_sdmmc.o(.text.SDMMC_CmdBlockLength)
    SDMMC_CmdGoIdleState                     0x08004171   Thumb Code    96  stm32f4xx_ll_sdmmc.o(.text.SDMMC_CmdGoIdleState)
    SDMMC_CmdOperCond                        0x080041d1   Thumb Code   166  stm32f4xx_ll_sdmmc.o(.text.SDMMC_CmdOperCond)
    SDMMC_CmdReadMultiBlock                  0x08004279   Thumb Code    24  stm32f4xx_ll_sdmmc.o(.text.SDMMC_CmdReadMultiBlock)
    SDMMC_CmdReadSingleBlock                 0x08004291   Thumb Code    24  stm32f4xx_ll_sdmmc.o(.text.SDMMC_CmdReadSingleBlock)
    SDMMC_CmdSelDesel                        0x080042a9   Thumb Code    24  stm32f4xx_ll_sdmmc.o(.text.SDMMC_CmdSelDesel)
    SDMMC_CmdSendCID                         0x080042c1   Thumb Code   156  stm32f4xx_ll_sdmmc.o(.text.SDMMC_CmdSendCID)
    SDMMC_CmdSendCSD                         0x0800435d   Thumb Code   156  stm32f4xx_ll_sdmmc.o(.text.SDMMC_CmdSendCSD)
    SDMMC_CmdSendStatus                      0x080043f9   Thumb Code    24  stm32f4xx_ll_sdmmc.o(.text.SDMMC_CmdSendStatus)
    SDMMC_CmdSetRelAdd                       0x08004411   Thumb Code   200  stm32f4xx_ll_sdmmc.o(.text.SDMMC_CmdSetRelAdd)
    SDMMC_CmdStopTransfer                    0x080044d9   Thumb Code    30  stm32f4xx_ll_sdmmc.o(.text.SDMMC_CmdStopTransfer)
    SDMMC_CmdWriteMultiBlock                 0x080044f9   Thumb Code    24  stm32f4xx_ll_sdmmc.o(.text.SDMMC_CmdWriteMultiBlock)
    SDMMC_CmdWriteSingleBlock                0x08004511   Thumb Code    24  stm32f4xx_ll_sdmmc.o(.text.SDMMC_CmdWriteSingleBlock)
    SDMMC_GetCmdResp1                        0x08004529   Thumb Code   372  stm32f4xx_ll_sdmmc.o(.text.SDMMC_GetCmdResp1)
    SD_initialize                            0x08004775   Thumb Code    56  sd_diskio.o(.text.SD_initialize)
    SD_ioctl                                 0x080047ad   Thumb Code   106  sd_diskio.o(.text.SD_ioctl)
    SD_read                                  0x08004819   Thumb Code    36  sd_diskio.o(.text.SD_read)
    SD_status                                0x0800483d   Thumb Code    36  sd_diskio.o(.text.SD_status)
    SD_write                                 0x08004861   Thumb Code    36  sd_diskio.o(.text.SD_write)
    SVC_Handler                              0x08004885   Thumb Code     2  stm32f4xx_it.o(.text.SVC_Handler)
    SysTick_Handler                          0x08004889   Thumb Code     4  stm32f4xx_it.o(.text.SysTick_Handler)
    SystemClock_Config                       0x0800488d   Thumb Code   176  main.o(.text.SystemClock_Config)
    SystemInit                               0x0800493d   Thumb Code    18  system_stm32f4xx.o(.text.SystemInit)
    TIM8_UP_TIM13_IRQHandler                 0x08004951   Thumb Code    12  stm32f4xx_it.o(.text.TIM8_UP_TIM13_IRQHandler)
    TIM_Base_SetConfig                       0x0800495d   Thumb Code   324  stm32f4xx_hal_tim.o(.text.TIM_Base_SetConfig)
    USART3_IRQHandler                        0x08004c95   Thumb Code    12  stm32f4xx_it.o(.text.USART3_IRQHandler)
    UsageFault_Handler                       0x08004ca1   Thumb Code     2  stm32f4xx_it.o(.text.UsageFault_Handler)
    main                                     0x08004ca5   Thumb Code   716  main.o(.text.main)
    _btod_d2e                                0x08004f89   Thumb Code    62  btod.o(CL$$btod_d2e)
    _d2e_denorm_low                          0x08004fc7   Thumb Code    70  btod.o(CL$$btod_d2e_denorm_low)
    _d2e_norm_op1                            0x0800500d   Thumb Code    96  btod.o(CL$$btod_d2e_norm_op1)
    __btod_div_common                        0x0800506d   Thumb Code   696  btod.o(CL$$btod_div_common)
    _e2e                                     0x080053a5   Thumb Code   220  btod.o(CL$$btod_e2e)
    _btod_ediv                               0x08005481   Thumb Code    42  btod.o(CL$$btod_ediv)
    _btod_emul                               0x080054ab   Thumb Code    42  btod.o(CL$$btod_emul)
    __btod_mult_common                       0x080054d5   Thumb Code   580  btod.o(CL$$btod_mult_common)
    __ARM_fpclassify                         0x08005719   Thumb Code    48  fpclassify.o(i.__ARM_fpclassify)
    _is_digit                                0x08005749   Thumb Code    14  __printf_wp.o(i._is_digit)
    _get_lc_numeric                          0x08005759   Thumb Code    44  lc_numeric_c.o(locale$$code)
    __fpl_dretinf                            0x08005785   Thumb Code    12  dretinf.o(x$fpl$dretinf)
    __aeabi_f2d                              0x08005791   Thumb Code     0  f2d.o(x$fpl$f2d)
    _f2d                                     0x08005791   Thumb Code    86  f2d.o(x$fpl$f2d)
    __fpl_fnaninf                            0x080057e7   Thumb Code   140  fnaninf.o(x$fpl$fnaninf)
    _fp_init                                 0x08005873   Thumb Code    26  fpinit.o(x$fpl$fpinit)
    __fplib_config_fpu_vfp                   0x0800588b   Thumb Code     0  fpinit.o(x$fpl$fpinit)
    __fplib_config_pureend_doubles           0x0800588b   Thumb Code     0  fpinit.o(x$fpl$fpinit)
    _printf_fp_dec                           0x0800588d   Thumb Code     4  printf1.o(x$fpl$printf1)
    __I$use$fp                               0x08005890   Number         0  usenofp.o(x$fpl$usenofp)
    AHBPrescTable                            0x08005924   Data          16  system_stm32f4xx.o(.rodata.AHBPrescTable)
    APBPrescTable                            0x08005934   Data           8  system_stm32f4xx.o(.rodata.APBPrescTable)
    SD_Driver                                0x0800593c   Data          20  sd_diskio.o(.rodata.SD_Driver)
    Region$$Table$$Base                      0x08005974   Number         0  anon$$obj.o(Region$$Table)
    Region$$Table$$Limit                     0x08005994   Number         0  anon$$obj.o(Region$$Table)
    uwTickFreq                               0x20000000   Data           1  stm32f4xx_hal.o(.data..L_MergedGlobals)
    uwTickPrio                               0x20000004   Data           4  stm32f4xx_hal.o(.data..L_MergedGlobals)
    SystemCoreClock                          0x2000000c   Data           4  system_stm32f4xx.o(.data.SystemCoreClock)
    __libspace_start                         0x20000010   Data          96  libspace.o(.bss)
    __temporary_stack_top$libspace           0x20000070   Data           0  libspace.o(.bss)
    isConnect                                0x20000070   Data           1  main.o(.bss..L_MergedGlobals)
    recordFlag                               0x20000071   Data           1  main.o(.bss..L_MergedGlobals)
    rxIndex                                  0x20000072   Data           1  main.o(.bss..L_MergedGlobals)
    receivedData                             0x20000073   Data           1  main.o(.bss..L_MergedGlobals)
    data                                     0x20000074   Data          12  main.o(.bss..L_MergedGlobals)
    hrtc                                     0x20000080   Data          32  main.o(.bss..L_MergedGlobals)
    htim13                                   0x200000a0   Data          72  main.o(.bss..L_MergedGlobals)
    retSD                                    0x200000e8   Data           1  fatfs.o(.bss..L_MergedGlobals)
    SDPath                                   0x200000e9   Data           4  fatfs.o(.bss..L_MergedGlobals)
    disk                                     0x200000f0   Data          12  ff_gen_drv.o(.bss.disk)
    hdma_sdio_rx                             0x200000fc   Data          96  main.o(.bss.hdma_sdio_rx)
    hdma_sdio_tx                             0x2000015c   Data          96  main.o(.bss.hdma_sdio_tx)
    hsd                                      0x200001bc   Data         132  main.o(.bss.hsd)
    huart3                                   0x20000240   Data          72  main.o(.bss.huart3)
    huart4                                   0x20000288   Data          72  main.o(.bss.huart4)
    rxBuffer                                 0x200002d0   Data         100  main.o(.bss.rxBuffer)
    uwTick                                   0x20000334   Data           4  stm32f4xx_hal.o(.bss.uwTick)



==============================================================================

Memory Map of the image

  Image Entry point : 0x08000189

  Load Region LR_IROM1 (Base: 0x08000000, Size: 0x000059c0, Max: 0x00080000, ABSOLUTE)

    Execution Region ER_IROM1 (Exec base: 0x08000000, Load base: 0x08000000, Size: 0x000059b0, Max: 0x00080000, ABSOLUTE)

    Exec Addr    Load Addr    Size         Type   Attr      Idx    E Section Name        Object

    0x08000000   0x08000000   0x00000188   Data   RO            3    RESET               startup_stm32f407xx.o
    0x08000188   0x08000188   0x00000008   Code   RO         1501  * !!!main             c_w.l(__main.o)
    0x08000190   0x08000190   0x0000005c   Code   RO         1747    !!!scatter          c_w.l(__scatter.o)
    0x080001ec   0x080001ec   0x0000001a   Code   RO         1751    !!handler_copy      c_w.l(__scatter_copy.o)
    0x08000206   0x08000206   0x00000002   PAD
    0x08000208   0x08000208   0x00000002   Code   RO         1748    !!handler_null      c_w.l(__scatter.o)
    0x0800020a   0x0800020a   0x00000002   PAD
    0x0800020c   0x0800020c   0x0000001c   Code   RO         1753    !!handler_zi        c_w.l(__scatter_zi.o)
    0x08000228   0x08000228   0x00000000   Code   RO         1486    .ARM.Collect$$_printf_percent$$00000000  c_w.l(_printf_percent.o)
    0x08000228   0x08000228   0x00000006   Code   RO         1485    .ARM.Collect$$_printf_percent$$00000003  c_w.l(_printf_f.o)
    0x0800022e   0x0800022e   0x00000006   Code   RO         1484    .ARM.Collect$$_printf_percent$$0000000A  c_w.l(_printf_u.o)
    0x08000234   0x08000234   0x00000004   Code   RO         1522    .ARM.Collect$$_printf_percent$$00000017  c_w.l(_printf_percent_end.o)
    0x08000238   0x08000238   0x00000002   Code   RO         1610    .ARM.Collect$$libinit$$00000000  c_w.l(libinit.o)
    0x0800023a   0x0800023a   0x00000004   Code   RO         1611    .ARM.Collect$$libinit$$00000001  c_w.l(libinit2.o)
    0x0800023e   0x0800023e   0x00000000   Code   RO         1614    .ARM.Collect$$libinit$$00000004  c_w.l(libinit2.o)
    0x0800023e   0x0800023e   0x00000000   Code   RO         1616    .ARM.Collect$$libinit$$00000006  c_w.l(libinit2.o)
    0x0800023e   0x0800023e   0x00000000   Code   RO         1619    .ARM.Collect$$libinit$$0000000C  c_w.l(libinit2.o)
    0x0800023e   0x0800023e   0x00000000   Code   RO         1621    .ARM.Collect$$libinit$$0000000E  c_w.l(libinit2.o)
    0x0800023e   0x0800023e   0x00000000   Code   RO         1623    .ARM.Collect$$libinit$$00000010  c_w.l(libinit2.o)
    0x0800023e   0x0800023e   0x00000006   Code   RO         1624    .ARM.Collect$$libinit$$00000011  c_w.l(libinit2.o)
    0x08000244   0x08000244   0x00000000   Code   RO         1626    .ARM.Collect$$libinit$$00000013  c_w.l(libinit2.o)
    0x08000244   0x08000244   0x00000000   Code   RO         1628    .ARM.Collect$$libinit$$00000015  c_w.l(libinit2.o)
    0x08000244   0x08000244   0x00000000   Code   RO         1630    .ARM.Collect$$libinit$$00000017  c_w.l(libinit2.o)
    0x08000244   0x08000244   0x0000000a   Code   RO         1631    .ARM.Collect$$libinit$$00000018  c_w.l(libinit2.o)
    0x0800024e   0x0800024e   0x00000000   Code   RO         1632    .ARM.Collect$$libinit$$00000019  c_w.l(libinit2.o)
    0x0800024e   0x0800024e   0x00000000   Code   RO         1634    .ARM.Collect$$libinit$$0000001B  c_w.l(libinit2.o)
    0x0800024e   0x0800024e   0x00000000   Code   RO         1636    .ARM.Collect$$libinit$$0000001D  c_w.l(libinit2.o)
    0x0800024e   0x0800024e   0x00000000   Code   RO         1638    .ARM.Collect$$libinit$$0000001F  c_w.l(libinit2.o)
    0x0800024e   0x0800024e   0x00000000   Code   RO         1640    .ARM.Collect$$libinit$$00000021  c_w.l(libinit2.o)
    0x0800024e   0x0800024e   0x00000000   Code   RO         1642    .ARM.Collect$$libinit$$00000023  c_w.l(libinit2.o)
    0x0800024e   0x0800024e   0x00000000   Code   RO         1644    .ARM.Collect$$libinit$$00000025  c_w.l(libinit2.o)
    0x0800024e   0x0800024e   0x00000000   Code   RO         1646    .ARM.Collect$$libinit$$00000027  c_w.l(libinit2.o)
    0x0800024e   0x0800024e   0x00000000   Code   RO         1650    .ARM.Collect$$libinit$$0000002E  c_w.l(libinit2.o)
    0x0800024e   0x0800024e   0x00000000   Code   RO         1652    .ARM.Collect$$libinit$$00000030  c_w.l(libinit2.o)
    0x0800024e   0x0800024e   0x00000000   Code   RO         1654    .ARM.Collect$$libinit$$00000032  c_w.l(libinit2.o)
    0x0800024e   0x0800024e   0x00000000   Code   RO         1656    .ARM.Collect$$libinit$$00000034  c_w.l(libinit2.o)
    0x0800024e   0x0800024e   0x00000002   Code   RO         1657    .ARM.Collect$$libinit$$00000035  c_w.l(libinit2.o)
    0x08000250   0x08000250   0x00000002   Code   RO         1712    .ARM.Collect$$libshutdown$$00000000  c_w.l(libshutdown.o)
    0x08000252   0x08000252   0x00000000   Code   RO         1730    .ARM.Collect$$libshutdown$$00000002  c_w.l(libshutdown2.o)
    0x08000252   0x08000252   0x00000000   Code   RO         1732    .ARM.Collect$$libshutdown$$00000004  c_w.l(libshutdown2.o)
    0x08000252   0x08000252   0x00000000   Code   RO         1735    .ARM.Collect$$libshutdown$$00000007  c_w.l(libshutdown2.o)
    0x08000252   0x08000252   0x00000000   Code   RO         1738    .ARM.Collect$$libshutdown$$0000000A  c_w.l(libshutdown2.o)
    0x08000252   0x08000252   0x00000000   Code   RO         1740    .ARM.Collect$$libshutdown$$0000000C  c_w.l(libshutdown2.o)
    0x08000252   0x08000252   0x00000000   Code   RO         1743    .ARM.Collect$$libshutdown$$0000000F  c_w.l(libshutdown2.o)
    0x08000252   0x08000252   0x00000002   Code   RO         1744    .ARM.Collect$$libshutdown$$00000010  c_w.l(libshutdown2.o)
    0x08000254   0x08000254   0x00000000   Code   RO         1507    .ARM.Collect$$rtentry$$00000000  c_w.l(__rtentry.o)
    0x08000254   0x08000254   0x00000000   Code   RO         1531    .ARM.Collect$$rtentry$$00000002  c_w.l(__rtentry2.o)
    0x08000254   0x08000254   0x00000006   Code   RO         1543    .ARM.Collect$$rtentry$$00000004  c_w.l(__rtentry4.o)
    0x0800025a   0x0800025a   0x00000000   Code   RO         1533    .ARM.Collect$$rtentry$$00000009  c_w.l(__rtentry2.o)
    0x0800025a   0x0800025a   0x00000004   Code   RO         1534    .ARM.Collect$$rtentry$$0000000A  c_w.l(__rtentry2.o)
    0x0800025e   0x0800025e   0x00000000   Code   RO         1536    .ARM.Collect$$rtentry$$0000000C  c_w.l(__rtentry2.o)
    0x0800025e   0x0800025e   0x00000008   Code   RO         1537    .ARM.Collect$$rtentry$$0000000D  c_w.l(__rtentry2.o)
    0x08000266   0x08000266   0x00000002   Code   RO         1658    .ARM.Collect$$rtexit$$00000000  c_w.l(rtexit.o)
    0x08000268   0x08000268   0x00000000   Code   RO         1677    .ARM.Collect$$rtexit$$00000002  c_w.l(rtexit2.o)
    0x08000268   0x08000268   0x00000004   Code   RO         1678    .ARM.Collect$$rtexit$$00000003  c_w.l(rtexit2.o)
    0x0800026c   0x0800026c   0x00000006   Code   RO         1679    .ARM.Collect$$rtexit$$00000004  c_w.l(rtexit2.o)
    0x08000272   0x08000272   0x00000002   PAD
    0x08000274   0x08000274   0x00000040   Code   RO            4    .text               startup_stm32f407xx.o
    0x080002b4   0x080002b4   0x000000f0   Code   RO         1454    .text               c_w.l(lludivv7m.o)
    0x080003a4   0x080003a4   0x0000002c   Code   RO         1456    .text               c_w.l(__2sprintf.o)
    0x080003d0   0x080003d0   0x00000078   Code   RO         1462    .text               c_w.l(_printf_dec.o)
    0x08000448   0x08000448   0x0000010e   Code   RO         1472    .text               c_w.l(__printf_wp.o)
    0x08000556   0x08000556   0x00000024   Code   RO         1487    .text               c_w.l(strstr.o)
    0x0800057a   0x0800057a   0x00000058   Code   RO         1489    .text               c_w.l(memcmp.o)
    0x080005d2   0x080005d2   0x0000004e   Code   RO         1495    .text               c_w.l(rt_memclr_w.o)
    0x08000620   0x08000620   0x0000007c   Code   RO         1497    .text               c_w.l(strcmpv7em.o)
    0x0800069c   0x0800069c   0x00000006   Code   RO         1499    .text               c_w.l(heapauxi.o)
    0x080006a2   0x080006a2   0x000000b2   Code   RO         1512    .text               c_w.l(_printf_intcommon.o)
    0x08000754   0x08000754   0x0000041c   Code   RO         1514    .text               c_w.l(_printf_fp_dec.o)
    0x08000b70   0x08000b70   0x00000030   Code   RO         1518    .text               c_w.l(_printf_char_common.o)
    0x08000ba0   0x08000ba0   0x0000000a   Code   RO         1520    .text               c_w.l(_sputc.o)
    0x08000baa   0x08000baa   0x00000002   PAD
    0x08000bac   0x08000bac   0x00000008   Code   RO         1550    .text               c_w.l(rt_locale_intlibspace.o)
    0x08000bb4   0x08000bb4   0x0000008a   Code   RO         1552    .text               c_w.l(lludiv10.o)
    0x08000c3e   0x08000c3e   0x00000002   PAD
    0x08000c40   0x08000c40   0x00000080   Code   RO         1554    .text               c_w.l(_printf_fp_infnan.o)
    0x08000cc0   0x08000cc0   0x000000e4   Code   RO         1558    .text               c_w.l(bigflt0.o)
    0x08000da4   0x08000da4   0x00000008   Code   RO         1592    .text               c_w.l(libspace.o)
    0x08000dac   0x08000dac   0x0000004a   Code   RO         1595    .text               c_w.l(sys_stackheap_outer.o)
    0x08000df6   0x08000df6   0x00000012   Code   RO         1599    .text               c_w.l(exit.o)
    0x08000e08   0x08000e08   0x0000000c   Code   RO         1672    .text               c_w.l(sys_exit.o)
    0x08000e14   0x08000e14   0x00000002   Code   RO         1699    .text               c_w.l(use_no_semi.o)
    0x08000e16   0x08000e16   0x00000000   Code   RO         1701    .text               c_w.l(indicate_semi.o)
    0x08000e16   0x08000e16   0x00000002   PAD
    0x08000e18   0x08000e18   0x00000016   Code   RO          165    .text.BSP_PlatformIsDetected  fatfs_platform.o
    0x08000e2e   0x08000e2e   0x00000002   PAD
    0x08000e30   0x08000e30   0x00000002   Code   RO          127    .text.BSP_SD_AbortCallback  bsp_driver_sd.o
    0x08000e32   0x08000e32   0x00000002   PAD
    0x08000e34   0x08000e34   0x0000000e   Code   RO          123    .text.BSP_SD_GetCardInfo  bsp_driver_sd.o
    0x08000e42   0x08000e42   0x00000002   PAD
    0x08000e44   0x08000e44   0x00000016   Code   RO          121    .text.BSP_SD_GetCardState  bsp_driver_sd.o
    0x08000e5a   0x08000e5a   0x00000002   PAD
    0x08000e5c   0x08000e5c   0x0000001e   Code   RO          103    .text.BSP_SD_Init   bsp_driver_sd.o
    0x08000e7a   0x08000e7a   0x00000002   PAD
    0x08000e7c   0x08000e7c   0x00000020   Code   RO          105    .text.BSP_SD_IsDetected  bsp_driver_sd.o
    0x08000e9c   0x08000e9c   0x00000026   Code   RO          111    .text.BSP_SD_ReadBlocks  bsp_driver_sd.o
    0x08000ec2   0x08000ec2   0x00000002   PAD
    0x08000ec4   0x08000ec4   0x00000002   Code   RO          135    .text.BSP_SD_ReadCpltCallback  bsp_driver_sd.o
    0x08000ec6   0x08000ec6   0x00000002   PAD
    0x08000ec8   0x08000ec8   0x00000026   Code   RO          113    .text.BSP_SD_WriteBlocks  bsp_driver_sd.o
    0x08000eee   0x08000eee   0x00000002   PAD
    0x08000ef0   0x08000ef0   0x00000002   Code   RO          131    .text.BSP_SD_WriteCpltCallback  bsp_driver_sd.o
    0x08000ef2   0x08000ef2   0x00000002   PAD
    0x08000ef4   0x08000ef4   0x00000002   Code   RO           48    .text.BusFault_Handler  stm32f4xx_it.o
    0x08000ef6   0x08000ef6   0x00000002   PAD
    0x08000ef8   0x08000ef8   0x0000000c   Code   RO           66    .text.DMA2_Stream3_IRQHandler  stm32f4xx_it.o
    0x08000f04   0x08000f04   0x0000000c   Code   RO           68    .text.DMA2_Stream6_IRQHandler  stm32f4xx_it.o
    0x08000f10   0x08000f10   0x00000002   Code   RO           54    .text.DebugMon_Handler  stm32f4xx_it.o
    0x08000f12   0x08000f12   0x00000002   PAD
    0x08000f14   0x08000f14   0x00000006   Code   RO           23    .text.Error_Handler  main.o
    0x08000f1a   0x08000f1a   0x00000002   PAD
    0x08000f1c   0x08000f1c   0x0000004c   Code   RO         1435    .text.FATFS_LinkDriver  ff_gen_drv.o
    0x08000f68   0x08000f68   0x0000008e   Code   RO          344    .text.HAL_DMA_Abort  stm32f4xx_hal_dma.o
    0x08000ff6   0x08000ff6   0x00000002   PAD
    0x08000ff8   0x08000ff8   0x00000024   Code   RO          346    .text.HAL_DMA_Abort_IT  stm32f4xx_hal_dma.o
    0x0800101c   0x0800101c   0x000001c4   Code   RO          350    .text.HAL_DMA_IRQHandler  stm32f4xx_hal_dma.o
    0x080011e0   0x080011e0   0x00000162   Code   RO          336    .text.HAL_DMA_Init  stm32f4xx_hal_dma.o
    0x08001342   0x08001342   0x00000002   PAD
    0x08001344   0x08001344   0x00000028   Code   RO          499    .text.HAL_Delay     stm32f4xx_hal.o
    0x0800136c   0x0800136c   0x0000019e   Code   RO          298    .text.HAL_GPIO_Init  stm32f4xx_hal_gpio.o
    0x0800150a   0x0800150a   0x00000002   PAD
    0x0800150c   0x0800150c   0x0000000a   Code   RO          302    .text.HAL_GPIO_ReadPin  stm32f4xx_hal_gpio.o
    0x08001516   0x08001516   0x00000002   PAD
    0x08001518   0x08001518   0x0000000a   Code   RO          304    .text.HAL_GPIO_WritePin  stm32f4xx_hal_gpio.o
    0x08001522   0x08001522   0x00000002   PAD
    0x08001524   0x08001524   0x0000000c   Code   RO          491    .text.HAL_GetTick   stm32f4xx_hal.o
    0x08001530   0x08001530   0x0000001a   Code   RO          489    .text.HAL_IncTick   stm32f4xx_hal.o
    0x0800154a   0x0800154a   0x00000002   PAD
    0x0800154c   0x0800154c   0x00000036   Code   RO          479    .text.HAL_Init      stm32f4xx_hal.o
    0x08001582   0x08001582   0x00000002   PAD
    0x08001584   0x08001584   0x00000048   Code   RO          481    .text.HAL_InitTick  stm32f4xx_hal.o
    0x080015cc   0x080015cc   0x00000038   Code   RO           77    .text.HAL_MspInit   stm32f4xx_hal_msp.o
    0x08001604   0x08001604   0x00000022   Code   RO          435    .text.HAL_NVIC_EnableIRQ  stm32f4xx_hal_cortex.o
    0x08001626   0x08001626   0x00000002   PAD
    0x08001628   0x08001628   0x00000056   Code   RO          433    .text.HAL_NVIC_SetPriority  stm32f4xx_hal_cortex.o
    0x0800167e   0x0800167e   0x00000002   PAD
    0x08001680   0x08001680   0x00000020   Code   RO          431    .text.HAL_NVIC_SetPriorityGrouping  stm32f4xx_hal_cortex.o
    0x080016a0   0x080016a0   0x0000014a   Code   RO          224    .text.HAL_RCCEx_PeriphCLKConfig  stm32f4xx_hal_rcc_ex.o
    0x080017ea   0x080017ea   0x00000002   PAD
    0x080017ec   0x080017ec   0x00000164   Code   RO          192    .text.HAL_RCC_ClockConfig  stm32f4xx_hal_rcc.o
    0x08001950   0x08001950   0x00000026   Code   RO          204    .text.HAL_RCC_GetPCLK1Freq  stm32f4xx_hal_rcc.o
    0x08001976   0x08001976   0x00000002   PAD
    0x08001978   0x08001978   0x00000026   Code   RO          206    .text.HAL_RCC_GetPCLK2Freq  stm32f4xx_hal_rcc.o
    0x0800199e   0x0800199e   0x00000002   PAD
    0x080019a0   0x080019a0   0x0000006c   Code   RO          194    .text.HAL_RCC_GetSysClockFreq  stm32f4xx_hal_rcc.o
    0x08001a0c   0x08001a0c   0x000003ac   Code   RO          190    .text.HAL_RCC_OscConfig  stm32f4xx_hal_rcc.o
    0x08001db8   0x08001db8   0x000000fc   Code   RO          569    .text.HAL_RTC_Init  stm32f4xx_hal_rtc.o
    0x08001eb4   0x08001eb4   0x00000044   Code   RO           79    .text.HAL_RTC_MspInit  stm32f4xx_hal_msp.o
    0x08001ef8   0x08001ef8   0x00000164   Code   RO          589    .text.HAL_RTC_SetDate  stm32f4xx_hal_rtc.o
    0x0800205c   0x0800205c   0x000001a8   Code   RO          581    .text.HAL_RTC_SetTime  stm32f4xx_hal_rtc.o
    0x08002204   0x08002204   0x00000004   Code   RO          125    .text.HAL_SD_AbortCallback  bsp_driver_sd.o
    0x08002208   0x08002208   0x00000002   Code   RO          837    .text.HAL_SD_ErrorCallback  stm32f4xx_hal_sd.o
    0x0800220a   0x0800220a   0x00000002   PAD
    0x0800220c   0x0800220c   0x00000186   Code   RO          855    .text.HAL_SD_GetCardCSD  stm32f4xx_hal_sd.o
    0x08002392   0x08002392   0x00000002   PAD
    0x08002394   0x08002394   0x00000024   Code   RO          859    .text.HAL_SD_GetCardInfo  stm32f4xx_hal_sd.o
    0x080023b8   0x080023b8   0x0000002a   Code   RO          863    .text.HAL_SD_GetCardState  stm32f4xx_hal_sd.o
    0x080023e2   0x080023e2   0x00000002   PAD
    0x080023e4   0x080023e4   0x000002a0   Code   RO          835    .text.HAL_SD_IRQHandler  stm32f4xx_hal_sd.o
    0x08002684   0x08002684   0x00000040   Code   RO          805    .text.HAL_SD_Init   stm32f4xx_hal_sd.o
    0x080026c4   0x080026c4   0x0000021c   Code   RO          809    .text.HAL_SD_InitCard  stm32f4xx_hal_sd.o
    0x080028e0   0x080028e0   0x00000166   Code   RO           83    .text.HAL_SD_MspInit  stm32f4xx_hal_msp.o
    0x08002a46   0x08002a46   0x00000002   PAD
    0x08002a48   0x08002a48   0x00000238   Code   RO          815    .text.HAL_SD_ReadBlocks  stm32f4xx_hal_sd.o
    0x08002c80   0x08002c80   0x00000004   Code   RO          133    .text.HAL_SD_RxCpltCallback  bsp_driver_sd.o
    0x08002c84   0x08002c84   0x00000004   Code   RO          129    .text.HAL_SD_TxCpltCallback  bsp_driver_sd.o
    0x08002c88   0x08002c88   0x00000236   Code   RO          817    .text.HAL_SD_WriteBlocks  stm32f4xx_hal_sd.o
    0x08002ebe   0x08002ebe   0x00000002   PAD
    0x08002ec0   0x08002ec0   0x0000002c   Code   RO          443    .text.HAL_SYSTICK_Config  stm32f4xx_hal_cortex.o
    0x08002eec   0x08002eec   0x00000002   Code   RO         1184    .text.HAL_TIMEx_BreakCallback  stm32f4xx_hal_tim_ex.o
    0x08002eee   0x08002eee   0x00000002   PAD
    0x08002ef0   0x08002ef0   0x00000002   Code   RO         1180    .text.HAL_TIMEx_CommutCallback  stm32f4xx_hal_tim_ex.o
    0x08002ef2   0x08002ef2   0x00000002   PAD
    0x08002ef4   0x08002ef4   0x0000005a   Code   RO          879    .text.HAL_TIM_Base_Init  stm32f4xx_hal_tim.o
    0x08002f4e   0x08002f4e   0x00000002   PAD
    0x08002f50   0x08002f50   0x00000048   Code   RO           87    .text.HAL_TIM_Base_MspInit  stm32f4xx_hal_msp.o
    0x08002f98   0x08002f98   0x000000aa   Code   RO          893    .text.HAL_TIM_Base_Start_IT  stm32f4xx_hal_tim.o
    0x08003042   0x08003042   0x00000002   PAD
    0x08003044   0x08003044   0x00000002   Code   RO         1015    .text.HAL_TIM_IC_CaptureCallback  stm32f4xx_hal_tim.o
    0x08003046   0x08003046   0x00000002   PAD
    0x08003048   0x08003048   0x0000014e   Code   RO         1013    .text.HAL_TIM_IRQHandler  stm32f4xx_hal_tim.o
    0x08003196   0x08003196   0x00000002   PAD
    0x08003198   0x08003198   0x000001b4   Code   RO         1025    .text.HAL_TIM_OC_ConfigChannel  stm32f4xx_hal_tim.o
    0x0800334c   0x0800334c   0x00000002   Code   RO         1017    .text.HAL_TIM_OC_DelayElapsedCallback  stm32f4xx_hal_tim.o
    0x0800334e   0x0800334e   0x00000002   PAD
    0x08003350   0x08003350   0x0000005a   Code   RO          907    .text.HAL_TIM_OC_Init  stm32f4xx_hal_tim.o
    0x080033aa   0x080033aa   0x00000002   PAD
    0x080033ac   0x080033ac   0x00000002   Code   RO          909    .text.HAL_TIM_OC_MspInit  stm32f4xx_hal_tim.o
    0x080033ae   0x080033ae   0x00000002   PAD
    0x080033b0   0x080033b0   0x00000002   Code   RO         1019    .text.HAL_TIM_PWM_PulseFinishedCallback  stm32f4xx_hal_tim.o
    0x080033b2   0x080033b2   0x00000002   PAD
    0x080033b4   0x080033b4   0x000000ac   Code   RO           17    .text.HAL_TIM_PeriodElapsedCallback  main.o
    0x08003460   0x08003460   0x00000002   Code   RO         1023    .text.HAL_TIM_TriggerCallback  stm32f4xx_hal_tim.o
    0x08003462   0x08003462   0x00000002   PAD
    0x08003464   0x08003464   0x00000002   Code   RO         1284    .text.HAL_UARTEx_RxEventCallback  stm32f4xx_hal_uart.o
    0x08003466   0x08003466   0x00000002   PAD
    0x08003468   0x08003468   0x00000002   Code   RO         1282    .text.HAL_UART_ErrorCallback  stm32f4xx_hal_uart.o
    0x0800346a   0x0800346a   0x00000002   PAD
    0x0800346c   0x0800346c   0x00000570   Code   RO         1276    .text.HAL_UART_IRQHandler  stm32f4xx_hal_uart.o
    0x080039dc   0x080039dc   0x00000060   Code   RO         1198    .text.HAL_UART_Init  stm32f4xx_hal_uart.o
    0x08003a3c   0x08003a3c   0x000000e4   Code   RO           91    .text.HAL_UART_MspInit  stm32f4xx_hal_msp.o
    0x08003b20   0x08003b20   0x0000022e   Code   RO         1216    .text.HAL_UART_Receive  stm32f4xx_hal_uart.o
    0x08003d4e   0x08003d4e   0x00000002   PAD
    0x08003d50   0x08003d50   0x00000054   Code   RO         1220    .text.HAL_UART_Receive_IT  stm32f4xx_hal_uart.o
    0x08003da4   0x08003da4   0x000000b6   Code   RO           21    .text.HAL_UART_RxCpltCallback  main.o
    0x08003e5a   0x08003e5a   0x00000002   PAD
    0x08003e5c   0x08003e5c   0x00000192   Code   RO         1214    .text.HAL_UART_Transmit  stm32f4xx_hal_uart.o
    0x08003fee   0x08003fee   0x00000002   PAD
    0x08003ff0   0x08003ff0   0x00000002   Code   RO         1286    .text.HAL_UART_TxCpltCallback  stm32f4xx_hal_uart.o
    0x08003ff2   0x08003ff2   0x00000002   PAD
    0x08003ff4   0x08003ff4   0x00000002   Code   RO           44    .text.HardFault_Handler  stm32f4xx_it.o
    0x08003ff6   0x08003ff6   0x00000002   PAD
    0x08003ff8   0x08003ff8   0x0000001c   Code   RO          174    .text.MX_FATFS_Init  fatfs.o
    0x08004014   0x08004014   0x00000002   Code   RO           46    .text.MemManage_Handler  stm32f4xx_it.o
    0x08004016   0x08004016   0x00000002   PAD
    0x08004018   0x08004018   0x00000002   Code   RO           42    .text.NMI_Handler   stm32f4xx_it.o
    0x0800401a   0x0800401a   0x00000002   PAD
    0x0800401c   0x0800401c   0x00000002   Code   RO           56    .text.PendSV_Handler  stm32f4xx_it.o
    0x0800401e   0x0800401e   0x00000002   PAD
    0x08004020   0x08004020   0x00000026   Code   RO          725    .text.SDIO_ConfigData  stm32f4xx_ll_sdmmc.o
    0x08004046   0x08004046   0x00000002   PAD
    0x08004048   0x08004048   0x00000008   Code   RO          717    .text.SDIO_GetPowerState  stm32f4xx_ll_sdmmc.o
    0x08004050   0x08004050   0x00000006   Code   RO          723    .text.SDIO_GetResponse  stm32f4xx_ll_sdmmc.o
    0x08004056   0x08004056   0x00000002   PAD
    0x08004058   0x08004058   0x0000000c   Code   RO           64    .text.SDIO_IRQHandler  stm32f4xx_it.o
    0x08004064   0x08004064   0x0000002c   Code   RO          707    .text.SDIO_Init     stm32f4xx_ll_sdmmc.o
    0x08004090   0x08004090   0x0000000a   Code   RO          713    .text.SDIO_PowerState_ON  stm32f4xx_ll_sdmmc.o
    0x0800409a   0x0800409a   0x00000002   PAD
    0x0800409c   0x0800409c   0x00000006   Code   RO          709    .text.SDIO_ReadFIFO  stm32f4xx_ll_sdmmc.o
    0x080040a2   0x080040a2   0x00000002   PAD
    0x080040a4   0x080040a4   0x0000000c   Code   RO          711    .text.SDIO_WriteFIFO  stm32f4xx_ll_sdmmc.o
    0x080040b0   0x080040b0   0x00000018   Code   RO          765    .text.SDMMC_CmdAppCommand  stm32f4xx_ll_sdmmc.o
    0x080040c8   0x080040c8   0x00000090   Code   RO          767    .text.SDMMC_CmdAppOperCommand  stm32f4xx_ll_sdmmc.o
    0x08004158   0x08004158   0x00000018   Code   RO          733    .text.SDMMC_CmdBlockLength  stm32f4xx_ll_sdmmc.o
    0x08004170   0x08004170   0x00000060   Code   RO          759    .text.SDMMC_CmdGoIdleState  stm32f4xx_ll_sdmmc.o
    0x080041d0   0x080041d0   0x000000a6   Code   RO          761    .text.SDMMC_CmdOperCond  stm32f4xx_ll_sdmmc.o
    0x08004276   0x08004276   0x00000002   PAD
    0x08004278   0x08004278   0x00000018   Code   RO          739    .text.SDMMC_CmdReadMultiBlock  stm32f4xx_ll_sdmmc.o
    0x08004290   0x08004290   0x00000018   Code   RO          737    .text.SDMMC_CmdReadSingleBlock  stm32f4xx_ll_sdmmc.o
    0x080042a8   0x080042a8   0x00000018   Code   RO          757    .text.SDMMC_CmdSelDesel  stm32f4xx_ll_sdmmc.o
    0x080042c0   0x080042c0   0x0000009c   Code   RO          775    .text.SDMMC_CmdSendCID  stm32f4xx_ll_sdmmc.o
    0x0800435c   0x0800435c   0x0000009c   Code   RO          779    .text.SDMMC_CmdSendCSD  stm32f4xx_ll_sdmmc.o
    0x080043f8   0x080043f8   0x00000018   Code   RO          787    .text.SDMMC_CmdSendStatus  stm32f4xx_ll_sdmmc.o
    0x08004410   0x08004410   0x000000c8   Code   RO          781    .text.SDMMC_CmdSetRelAdd  stm32f4xx_ll_sdmmc.o
    0x080044d8   0x080044d8   0x0000001e   Code   RO          755    .text.SDMMC_CmdStopTransfer  stm32f4xx_ll_sdmmc.o
    0x080044f6   0x080044f6   0x00000002   PAD
    0x080044f8   0x080044f8   0x00000018   Code   RO          743    .text.SDMMC_CmdWriteMultiBlock  stm32f4xx_ll_sdmmc.o
    0x08004510   0x08004510   0x00000018   Code   RO          741    .text.SDMMC_CmdWriteSingleBlock  stm32f4xx_ll_sdmmc.o
    0x08004528   0x08004528   0x00000174   Code   RO          735    .text.SDMMC_GetCmdResp1  stm32f4xx_ll_sdmmc.o
    0x0800469c   0x0800469c   0x0000006a   Code   RO          845    .text.SD_DMARxAbort  stm32f4xx_hal_sd.o
    0x08004706   0x08004706   0x00000002   PAD
    0x08004708   0x08004708   0x0000006a   Code   RO          843    .text.SD_DMATxAbort  stm32f4xx_hal_sd.o
    0x08004772   0x08004772   0x00000002   PAD
    0x08004774   0x08004774   0x00000038   Code   RO          145    .text.SD_initialize  sd_diskio.o
    0x080047ac   0x080047ac   0x0000006a   Code   RO          153    .text.SD_ioctl      sd_diskio.o
    0x08004816   0x08004816   0x00000002   PAD
    0x08004818   0x08004818   0x00000024   Code   RO          149    .text.SD_read       sd_diskio.o
    0x0800483c   0x0800483c   0x00000024   Code   RO          147    .text.SD_status     sd_diskio.o
    0x08004860   0x08004860   0x00000024   Code   RO          151    .text.SD_write      sd_diskio.o
    0x08004884   0x08004884   0x00000002   Code   RO           52    .text.SVC_Handler   stm32f4xx_it.o
    0x08004886   0x08004886   0x00000002   PAD
    0x08004888   0x08004888   0x00000004   Code   RO           58    .text.SysTick_Handler  stm32f4xx_it.o
    0x0800488c   0x0800488c   0x000000b0   Code   RO           13    .text.SystemClock_Config  main.o
    0x0800493c   0x0800493c   0x00000012   Code   RO         1320    .text.SystemInit    system_stm32f4xx.o
    0x0800494e   0x0800494e   0x00000002   PAD
    0x08004950   0x08004950   0x0000000c   Code   RO           62    .text.TIM8_UP_TIM13_IRQHandler  stm32f4xx_it.o
    0x0800495c   0x0800495c   0x00000144   Code   RO          883    .text.TIM_Base_SetConfig  stm32f4xx_hal_tim.o
    0x08004aa0   0x08004aa0   0x0000000c   Code   RO         1280    .text.UART_DMAAbortOnError  stm32f4xx_hal_uart.o
    0x08004aac   0x08004aac   0x000000fe   Code   RO         1278    .text.UART_Receive_IT  stm32f4xx_hal_uart.o
    0x08004baa   0x08004baa   0x00000002   PAD
    0x08004bac   0x08004bac   0x000000e6   Code   RO         1202    .text.UART_SetConfig  stm32f4xx_hal_uart.o
    0x08004c92   0x08004c92   0x00000002   PAD
    0x08004c94   0x08004c94   0x0000000c   Code   RO           60    .text.USART3_IRQHandler  stm32f4xx_it.o
    0x08004ca0   0x08004ca0   0x00000002   Code   RO           50    .text.UsageFault_Handler  stm32f4xx_it.o
    0x08004ca2   0x08004ca2   0x00000002   PAD
    0x08004ca4   0x08004ca4   0x000002e4   Code   RO           11    .text.main          main.o
    0x08004f88   0x08004f88   0x0000003e   Code   RO         1561    CL$$btod_d2e        c_w.l(btod.o)
    0x08004fc6   0x08004fc6   0x00000046   Code   RO         1563    CL$$btod_d2e_denorm_low  c_w.l(btod.o)
    0x0800500c   0x0800500c   0x00000060   Code   RO         1562    CL$$btod_d2e_norm_op1  c_w.l(btod.o)
    0x0800506c   0x0800506c   0x00000338   Code   RO         1571    CL$$btod_div_common  c_w.l(btod.o)
    0x080053a4   0x080053a4   0x000000dc   Code   RO         1568    CL$$btod_e2e        c_w.l(btod.o)
    0x08005480   0x08005480   0x0000002a   Code   RO         1565    CL$$btod_ediv       c_w.l(btod.o)
    0x080054aa   0x080054aa   0x0000002a   Code   RO         1564    CL$$btod_emul       c_w.l(btod.o)
    0x080054d4   0x080054d4   0x00000244   Code   RO         1570    CL$$btod_mult_common  c_w.l(btod.o)
    0x08005718   0x08005718   0x00000030   Code   RO         1590    i.__ARM_fpclassify  m_wm.l(fpclassify.o)
    0x08005748   0x08005748   0x0000000e   Code   RO         1474    i._is_digit         c_w.l(__printf_wp.o)
    0x08005756   0x08005756   0x00000002   PAD
    0x08005758   0x08005758   0x0000002c   Code   RO         1586    locale$$code        c_w.l(lc_numeric_c.o)
    0x08005784   0x08005784   0x0000000c   Code   RO         1525    x$fpl$dretinf       fz_wm.l(dretinf.o)
    0x08005790   0x08005790   0x00000056   Code   RO         1503    x$fpl$f2d           fz_wm.l(f2d.o)
    0x080057e6   0x080057e6   0x0000008c   Code   RO         1527    x$fpl$fnaninf       fz_wm.l(fnaninf.o)
    0x08005872   0x08005872   0x0000001a   Code   RO         1670    x$fpl$fpinit        fz_wm.l(fpinit.o)
    0x0800588c   0x0800588c   0x00000004   Code   RO         1505    x$fpl$printf1       fz_wm.l(printf1.o)
    0x08005890   0x08005890   0x00000000   Code   RO         1529    x$fpl$usenofp       fz_wm.l(usenofp.o)
    0x08005890   0x08005890   0x00000094   Data   RO         1559    .constdata          c_w.l(bigflt0.o)
    0x08005924   0x08005924   0x00000010   Data   RO         1325    .rodata.AHBPrescTable  system_stm32f4xx.o
    0x08005934   0x08005934   0x00000008   Data   RO         1326    .rodata.APBPrescTable  system_stm32f4xx.o
    0x0800593c   0x0800593c   0x00000014   Data   RO          155    .rodata.SD_Driver   sd_diskio.o
    0x08005950   0x08005950   0x00000008   Data   RO          360    .rodata.cst8        stm32f4xx_hal_dma.o
    0x08005958   0x08005958   0x00000019   Data   RO           26    .rodata.str1.1      main.o
    0x08005971   0x08005971   0x00000003   PAD
    0x08005974   0x08005974   0x00000020   Data   RO         1746    Region$$Table       anon$$obj.o
    0x08005994   0x08005994   0x0000001c   Data   RO         1585    locale$$data        c_w.l(lc_numeric_c.o)


    Execution Region RW_IRAM1 (Exec base: 0x20000000, Load base: 0x080059b0, Size: 0x00000938, Max: 0x0001c000, ABSOLUTE)

    Exec Addr    Load Addr    Size         Type   Attr      Idx    E Section Name        Object

    0x20000000   0x080059b0   0x00000008   Data   RW          534    .data..L_MergedGlobals  stm32f4xx_hal.o
    0x20000008   0x080059b8   0x00000001   Data   RW          156    .data.Stat          sd_diskio.o
    0x20000009   0x080059b9   0x00000003   PAD
    0x2000000c   0x080059bc   0x00000004   Data   RW         1324    .data.SystemCoreClock  system_stm32f4xx.o
    0x20000010        -       0x00000060   Zero   RW         1593    .bss                c_w.l(libspace.o)
    0x20000070        -       0x00000078   Zero   RW           33    .bss..L_MergedGlobals  main.o
    0x200000e8        -       0x00000005   Zero   RW          180    .bss..L_MergedGlobals  fatfs.o
    0x200000ed   0x080059c0   0x00000003   PAD
    0x200000f0        -       0x0000000c   Zero   RW         1443    .bss.disk           ff_gen_drv.o
    0x200000fc        -       0x00000060   Zero   RW           29    .bss.hdma_sdio_rx   main.o
    0x2000015c        -       0x00000060   Zero   RW           30    .bss.hdma_sdio_tx   main.o
    0x200001bc        -       0x00000084   Zero   RW           28    .bss.hsd            main.o
    0x20000240        -       0x00000048   Zero   RW           25    .bss.huart3         main.o
    0x20000288        -       0x00000048   Zero   RW           31    .bss.huart4         main.o
    0x200002d0        -       0x00000064   Zero   RW           27    .bss.rxBuffer       main.o
    0x20000334        -       0x00000004   Zero   RW          533    .bss.uwTick         stm32f4xx_hal.o
    0x20000338        -       0x00000200   Zero   RW            2    HEAP                startup_stm32f407xx.o
    0x20000538        -       0x00000400   Zero   RW            1    STACK               startup_stm32f407xx.o


    Execution Region RW_IRAM2 (Exec base: 0x2001c000, Load base: 0x080059c0, Size: 0x00000000, Max: 0x00004000, ABSOLUTE)

    **** No section assigned to this execution region ****


==============================================================================

Image component sizes


      Code (inc. data)   RO Data    RW Data    ZI Data      Debug   Object Name

       192          0          0          0          0       6860   bsp_driver_sd.o
        28          0          0          0          5       1988   fatfs.o
        22          0          0          0          0       1255   fatfs_platform.o
        76          0          0          0         12       3380   ff_gen_drv.o
      1276         44         25          0        688      16386   main.o
       270          4         20          1          0       3385   sd_diskio.o
        64         26        392          0       1536        872   startup_stm32f407xx.o
       204          0          0          8          4       7358   stm32f4xx_hal.o
       196          0          0          0          0      10579   stm32f4xx_hal_cortex.o
       984          6          8          0          0      10587   stm32f4xx_hal_dma.o
       434          0          0          0          0       5405   stm32f4xx_hal_gpio.o
       782          0          0          0          0      13260   stm32f4xx_hal_msp.o
      1480          0          0          0          0       7502   stm32f4xx_hal_rcc.o
       330          0          0          0          0       4459   stm32f4xx_hal_rcc_ex.o
      1032          0          0          0          0      16983   stm32f4xx_hal_rtc.o
      3092          0          0          0          0      28466   stm32f4xx_hal_sd.o
      1454          4          0          0          0      57393   stm32f4xx_hal_tim.o
         4          0          0          0          0      21540   stm32f4xx_hal_tim_ex.o
      3034          0          0          0          0      32197   stm32f4xx_hal_uart.o
        80          0          0          0          0       7577   stm32f4xx_it.o
      1636          0          0          0          0      21495   stm32f4xx_ll_sdmmc.o
        18          0         24          4          0       2702   system_stm32f4xx.o

    ----------------------------------------------------------------------
     16816         84        504         16       2248     281629   Object Totals
         0          0         32          0          0          0   (incl. Generated)
       128          0          3          3          3          0   (incl. Padding)

    ----------------------------------------------------------------------

      Code (inc. data)   RO Data    RW Data    ZI Data      Debug   Library Member Name

        44          6          0          0          0         84   __2sprintf.o
         8          0          0          0          0         68   __main.o
       284          0          0          0          0        156   __printf_wp.o
         0          0          0          0          0          0   __rtentry.o
        12          0          0          0          0          0   __rtentry2.o
         6          0          0          0          0          0   __rtentry4.o
        94          8          0          0          0          0   __scatter.o
        26          0          0          0          0          0   __scatter_copy.o
        28          0          0          0          0          0   __scatter_zi.o
        48          6          0          0          0         96   _printf_char_common.o
       120         16          0          0          0         92   _printf_dec.o
         6          0          0          0          0          0   _printf_f.o
      1052          0          0          0          0        148   _printf_fp_dec.o
       128         16          0          0          0         84   _printf_fp_infnan.o
       178          0          0          0          0         88   _printf_intcommon.o
         0          0          0          0          0          0   _printf_percent.o
         4          0          0          0          0          0   _printf_percent_end.o
         6          0          0          0          0          0   _printf_u.o
        10          0          0          0          0         68   _sputc.o
       228          4        148          0          0         96   bigflt0.o
      1936        128          0          0          0        668   btod.o
        18          0          0          0          0         80   exit.o
         6          0          0          0          0        152   heapauxi.o
         0          0          0          0          0          0   indicate_semi.o
        44         10         28          0          0         76   lc_numeric_c.o
         2          0          0          0          0          0   libinit.o
        22          0          0          0          0          0   libinit2.o
         2          0          0          0          0          0   libshutdown.o
         2          0          0          0          0          0   libshutdown2.o
         8          4          0          0         96         68   libspace.o
       138          0          0          0          0         80   lludiv10.o
       240          0          0          0          0        100   lludivv7m.o
        88          0          0          0          0         76   memcmp.o
         8          4          0          0          0         68   rt_locale_intlibspace.o
        78          0          0          0          0         80   rt_memclr_w.o
         2          0          0          0          0          0   rtexit.o
        10          0          0          0          0          0   rtexit2.o
       124          0          0          0          0         88   strcmpv7em.o
        36          0          0          0          0         80   strstr.o
        12          4          0          0          0         68   sys_exit.o
        74          0          0          0          0         80   sys_stackheap_outer.o
         2          0          0          0          0         68   use_no_semi.o
        12          0          0          0          0        116   dretinf.o
        86          4          0          0          0        132   f2d.o
       140          4          0          0          0        132   fnaninf.o
        26          0          0          0          0        116   fpinit.o
         4          0          0          0          0        116   printf1.o
         0          0          0          0          0          0   usenofp.o
        48          0          0          0          0        124   fpclassify.o

    ----------------------------------------------------------------------
      5464        214        176          0         96       3548   Library Totals
        14          0          0          0          0          0   (incl. Padding)

    ----------------------------------------------------------------------

      Code (inc. data)   RO Data    RW Data    ZI Data      Debug   Library Name

      5134        206        176          0         96       2812   c_w.l
       268          8          0          0          0        612   fz_wm.l
        48          0          0          0          0        124   m_wm.l

    ----------------------------------------------------------------------
      5464        214        176          0         96       3548   Library Totals

    ----------------------------------------------------------------------

==============================================================================


      Code (inc. data)   RO Data    RW Data    ZI Data      Debug   

     22280        298        680         16       2344     282937   Grand Totals
     22280        298        680         16       2344     282937   ELF Image Totals
     22280        298        680         16          0          0   ROM Totals

==============================================================================

    Total RO  Size (Code + RO Data)                22960 (  22.42kB)
    Total RW  Size (RW Data + ZI Data)              2360 (   2.30kB)
    Total ROM Size (Code + RO Data + RW Data)      22976 (  22.44kB)

==============================================================================

